Component: Arm Compiler for Embedded 6.18 Tool: armlink [5e4cc100]

==============================================================================

Section Cross References

    drv_adc.o(.text.InitADC) refers to gd32e23x_rcu.o(.text.rcu_periph_clock_enable) for rcu_periph_clock_enable
    drv_adc.o(.text.InitADC) refers to gd32e23x_rcu.o(.text.rcu_adc_clock_config) for rcu_adc_clock_config
    drv_adc.o(.text.InitADC) refers to gd32e23x_gpio.o(.text.gpio_mode_set) for gpio_mode_set
    drv_adc.o(.text.InitADC) refers to gd32e23x_adc.o(.text.adc_deinit) for adc_deinit
    drv_adc.o(.text.InitADC) refers to gd32e23x_adc.o(.text.adc_resolution_config) for adc_resolution_config
    drv_adc.o(.text.InitADC) refers to gd32e23x_adc.o(.text.adc_data_alignment_config) for adc_data_alignment_config
    drv_adc.o(.text.InitADC) refers to gd32e23x_adc.o(.text.adc_external_trigger_config) for adc_external_trigger_config
    drv_adc.o(.text.InitADC) refers to gd32e23x_adc.o(.text.adc_external_trigger_source_config) for adc_external_trigger_source_config
    drv_adc.o(.text.InitADC) refers to gd32e23x_adc.o(.text.adc_special_function_config) for adc_special_function_config
    drv_adc.o(.text.InitADC) refers to gd32e23x_adc.o(.text.adc_tempsensor_vrefint_enable) for adc_tempsensor_vrefint_enable
    drv_adc.o(.text.InitADC) refers to gd32e23x_adc.o(.text.adc_discontinuous_mode_config) for adc_discontinuous_mode_config
    drv_adc.o(.text.InitADC) refers to gd32e23x_adc.o(.text.adc_channel_length_config) for adc_channel_length_config
    drv_adc.o(.text.InitADC) refers to gd32e23x_adc.o(.text.adc_regular_channel_config) for adc_regular_channel_config
    drv_adc.o(.text.InitADC) refers to gd32e23x_adc.o(.text.adc_oversample_mode_disable) for adc_oversample_mode_disable
    drv_adc.o(.text.InitADC) refers to gd32e23x_adc.o(.text.adc_dma_mode_enable) for adc_dma_mode_enable
    drv_adc.o(.text.InitADC) refers to rt_memclr.o(.text) for __aeabi_memclr
    drv_adc.o(.text.InitADC) refers to gd32e23x_dma.o(.text.dma_struct_para_init) for dma_struct_para_init
    drv_adc.o(.text.InitADC) refers to gd32e23x_dma.o(.text.dma_deinit) for dma_deinit
    drv_adc.o(.text.InitADC) refers to gd32e23x_misc.o(.text.nvic_irq_enable) for nvic_irq_enable
    drv_adc.o(.text.InitADC) refers to gd32e23x_syscfg.o(.text.syscfg_dma_remap_disable) for syscfg_dma_remap_disable
    drv_adc.o(.text.InitADC) refers to gd32e23x_dma.o(.text.dma_init) for dma_init
    drv_adc.o(.text.InitADC) refers to gd32e23x_dma.o(.text.dma_circulation_enable) for dma_circulation_enable
    drv_adc.o(.text.InitADC) refers to gd32e23x_dma.o(.text.dma_flag_clear) for dma_flag_clear
    drv_adc.o(.text.InitADC) refers to gd32e23x_dma.o(.text.dma_interrupt_enable) for dma_interrupt_enable
    drv_adc.o(.text.InitADC) refers to gd32e23x_dma.o(.text.dma_channel_enable) for dma_channel_enable
    drv_adc.o(.text.InitADC) refers to gd32e23x_timer.o(.text.timer_deinit) for timer_deinit
    drv_adc.o(.text.InitADC) refers to gd32e23x_timer.o(.text.timer_struct_para_init) for timer_struct_para_init
    drv_adc.o(.text.InitADC) refers to gd32e23x_timer.o(.text.timer_init) for timer_init
    drv_adc.o(.text.InitADC) refers to gd32e23x_timer.o(.text.timer_channel_output_config) for timer_channel_output_config
    drv_adc.o(.text.InitADC) refers to gd32e23x_timer.o(.text.timer_channel_output_pulse_value_config) for timer_channel_output_pulse_value_config
    drv_adc.o(.text.InitADC) refers to gd32e23x_timer.o(.text.timer_channel_output_mode_config) for timer_channel_output_mode_config
    drv_adc.o(.text.InitADC) refers to gd32e23x_timer.o(.text.timer_channel_output_shadow_config) for timer_channel_output_shadow_config
    drv_adc.o(.text.InitADC) refers to gd32e23x_timer.o(.text.timer_auto_reload_shadow_enable) for timer_auto_reload_shadow_enable
    drv_adc.o(.text.InitADC) refers to gd32e23x_timer.o(.text.timer_primary_output_config) for timer_primary_output_config
    drv_adc.o(.text.InitADC) refers to gd32e23x_timer.o(.text.timer_enable) for timer_enable
    drv_adc.o(.text.InitADC) refers to gd32e23x_adc.o(.text.adc_enable) for adc_enable
    drv_adc.o(.text.InitADC) refers to drv_time.o(.text.Delay_ms) for Delay_ms
    drv_adc.o(.text.InitADC) refers to drv_adc.o(.bss.ADCReadyData) for [Anonymous Symbol]
    drv_adc.o(.text.InitADC) refers to drv_adc.o(.bss.DataReady) for [Anonymous Symbol]
    drv_adc.o(.text.InitADC) refers to drv_adc.o(.bss.ADCDMABuff0) for [Anonymous Symbol]
    drv_adc.o(.text.InitADC) refers to drv_adc.o(.bss.ADCResultMin) for [Anonymous Symbol]
    drv_adc.o(.text.InitADC) refers to drv_adc.o(.bss.ADCResultMax) for [Anonymous Symbol]
    drv_adc.o(.text.InitADC) refers to drv_adc.o(.bss.ADCResultAVG) for [Anonymous Symbol]
    drv_adc.o(.text.InitADC) refers to drv_adc.o(.bss.SumADC) for [Anonymous Symbol]
    drv_adc.o(.text.InitADC) refers to drv_adc.o(.bss.SSumADC) for [Anonymous Symbol]
[...]
    __arm_cp.0_0                             0x08002380   Number         4  system_gd32e23x.o(.text.SystemInit)
    __arm_cp.0_1                             0x08002384   Number         4  system_gd32e23x.o(.text.SystemInit)
    __arm_cp.0_2                             0x08002388   Number         4  system_gd32e23x.o(.text.SystemInit)
    __arm_cp.0_3                             0x0800238c   Number         4  system_gd32e23x.o(.text.SystemInit)
    __arm_cp.0_4                             0x08002390   Number         4  system_gd32e23x.o(.text.SystemInit)
    __arm_cp.0_5                             0x08002394   Number         4  system_gd32e23x.o(.text.SystemInit)
    __arm_cp.0_6                             0x08002398   Number         4  system_gd32e23x.o(.text.SystemInit)
    __arm_cp.0_7                             0x0800239c   Number         4  system_gd32e23x.o(.text.SystemInit)
    __arm_cp.0_8                             0x080023a0   Number         4  system_gd32e23x.o(.text.SystemInit)
    [Anonymous Symbol]                       0x080023a4   Section        0  drv_freqmet.o(.text.TIMER0_BRK_UP_TRG_COM_IRQHandler)
    __arm_cp.1_0                             0x080023d0   Number         4  drv_freqmet.o(.text.TIMER0_BRK_UP_TRG_COM_IRQHandler)
    __arm_cp.1_1                             0x080023d4   Number         4  drv_freqmet.o(.text.TIMER0_BRK_UP_TRG_COM_IRQHandler)
    [Anonymous Symbol]                       0x080023d8   Section        0  uartroutine.o(.text.UARTRoutine)
    [Anonymous Symbol]                       0x080023fc   Section        0  drv_uart.o(.text.USART0_IRQHandler)
    __arm_cp.1_1                             0x080024a4   Number         4  drv_uart.o(.text.USART0_IRQHandler)
    __arm_cp.1_4                             0x080024a8   Number         4  drv_uart.o(.text.USART0_IRQHandler)
    __arm_cp.1_5                             0x080024ac   Number         4  drv_uart.o(.text.USART0_IRQHandler)
    __arm_cp.1_8                             0x080024b0   Number         4  drv_uart.o(.text.USART0_IRQHandler)
    __arm_cp.1_9                             0x080024b4   Number         4  drv_uart.o(.text.USART0_IRQHandler)
    [Anonymous Symbol]                       0x080024b8   Section        0  drv_uart.o(.text.UartInit)
    __arm_cp.0_0                             0x0800258c   Number         4  drv_uart.o(.text.UartInit)
    __arm_cp.0_1                             0x08002590   Number         4  drv_uart.o(.text.UartInit)
    __arm_cp.0_2                             0x08002594   Number         4  drv_uart.o(.text.UartInit)
    __arm_cp.0_3                             0x08002598   Number         4  drv_uart.o(.text.UartInit)
    __arm_cp.0_4                             0x0800259c   Number         4  drv_uart.o(.text.UartInit)
    __arm_cp.0_5                             0x080025a0   Number         4  drv_uart.o(.text.UartInit)
    __arm_cp.0_6                             0x080025a4   Number         4  drv_uart.o(.text.UartInit)
    __arm_cp.0_7                             0x080025a8   Number         4  drv_uart.o(.text.UartInit)
    __arm_cp.0_8                             0x080025ac   Number         4  drv_uart.o(.text.UartInit)
    __NVIC_EnableIRQ                         0x080025b1   Thumb Code    48  gd32e23x_misc.o(.text.__NVIC_EnableIRQ)
    [Anonymous Symbol]                       0x080025b0   Section        0  gd32e23x_misc.o(.text.__NVIC_EnableIRQ)
    __arm_cp.2_0                             0x080025e0   Number         4  gd32e23x_misc.o(.text.__NVIC_EnableIRQ)
    __NVIC_SetPriority                       0x080025e5   Thumb Code   124  drv_time.o(.text.__NVIC_SetPriority)
    [Anonymous Symbol]                       0x080025e4   Section        0  drv_time.o(.text.__NVIC_SetPriority)
    __NVIC_SetPriority                       0x08002661   Thumb Code   124  gd32e23x_misc.o(.text.__NVIC_SetPriority)
    [Anonymous Symbol]                       0x08002660   Section        0  gd32e23x_misc.o(.text.__NVIC_SetPriority)
    __arm_cp.1_0                             0x080026dc   Number         4  gd32e23x_misc.o(.text.__NVIC_SetPriority)
    __arm_cp.1_1                             0x080026e0   Number         4  gd32e23x_misc.o(.text.__NVIC_SetPriority)
    [Anonymous Symbol]                       0x080026e4   Section        0  gd32e23x_adc.o(.text.adc_channel_length_config)
    __arm_cp.11_0                            0x08002744   Number         4  gd32e23x_adc.o(.text.adc_channel_length_config)
    __arm_cp.11_1                            0x08002748   Number         4  gd32e23x_adc.o(.text.adc_channel_length_config)
    [Anonymous Symbol]                       0x0800274c   Section        0  gd32e23x_adc.o(.text.adc_data_alignment_config)
    [Anonymous Symbol]                       0x08002778   Section        0  gd32e23x_adc.o(.text.adc_deinit)
    __arm_cp.0_0                             0x08002790   Number         4  gd32e23x_adc.o(.text.adc_deinit)
    [Anonymous Symbol]                       0x08002794   Section        0  gd32e23x_adc.o(.text.adc_discontinuous_mode_config)
    [Anonymous Symbol]                       0x08002808   Section        0  gd32e23x_adc.o(.text.adc_dma_mode_enable)
    [Anonymous Symbol]                       0x08002818   Section        0  gd32e23x_adc.o(.text.adc_enable)
    [Anonymous Symbol]                       0x08002830   Section        0  gd32e23x_adc.o(.text.adc_external_trigger_config)
    [Anonymous Symbol]                       0x080028ac   Section        0  gd32e23x_adc.o(.text.adc_external_trigger_source_config)
    [Anonymous Symbol]                       0x080028fc   Section        0  gd32e23x_adc.o(.text.adc_oversample_mode_disable)
    __arm_cp.33_0                            0x08002908   Number         4  gd32e23x_adc.o(.text.adc_oversample_mode_disable)
    [Anonymous Symbol]                       0x0800290c   Section        0  gd32e23x_adc.o(.text.adc_regular_channel_config)
    __arm_cp.12_0                            0x08002a54   Number         4  gd32e23x_adc.o(.text.adc_regular_channel_config)
    __arm_cp.12_1                            0x08002a58   Number         4  gd32e23x_adc.o(.text.adc_regular_channel_config)
    __arm_cp.12_2                            0x08002a5c   Number         4  gd32e23x_adc.o(.text.adc_regular_channel_config)
    __arm_cp.12_3                            0x08002a60   Number         4  gd32e23x_adc.o(.text.adc_regular_channel_config)
    __arm_cp.12_4                            0x08002a64   Number         4  gd32e23x_adc.o(.text.adc_regular_channel_config)
    [Anonymous Symbol]                       0x08002a68   Section        0  gd32e23x_adc.o(.text.adc_resolution_config)
    [Anonymous Symbol]                       0x08002a84   Section        0  gd32e23x_adc.o(.text.adc_special_function_config)
    __arm_cp.9_0                             0x08002b30   Number         4  gd32e23x_adc.o(.text.adc_special_function_config)
    __arm_cp.9_1                             0x08002b34   Number         4  gd32e23x_adc.o(.text.adc_special_function_config)
    [Anonymous Symbol]                       0x08002b38   Section        0  gd32e23x_adc.o(.text.adc_tempsensor_vrefint_enable)
    __arm_cp.6_0                             0x08002b48   Number         4  gd32e23x_adc.o(.text.adc_tempsensor_vrefint_enable)
    [Anonymous Symbol]                       0x08002b4c   Section        0  gd32e23x_dma.o(.text.dma_channel_disable)
    [Anonymous Symbol]                       0x08002b68   Section        0  gd32e23x_dma.o(.text.dma_channel_enable)
    [Anonymous Symbol]                       0x08002b84   Section        0  gd32e23x_dma.o(.text.dma_circulation_enable)
    [Anonymous Symbol]                       0x08002ba0   Section        0  gd32e23x_dma.o(.text.dma_deinit)
    [Anonymous Symbol]                       0x08002bf8   Section        0  gd32e23x_dma.o(.text.dma_flag_clear)
    [Anonymous Symbol]                       0x08002c18   Section        0  gd32e23x_dma.o(.text.dma_init)
    __arm_cp.2_0                             0x08002d24   Number         4  gd32e23x_dma.o(.text.dma_init)
    __arm_cp.2_1                             0x08002d28   Number         4  gd32e23x_dma.o(.text.dma_init)
    __arm_cp.2_2                             0x08002d2c   Number         4  gd32e23x_dma.o(.text.dma_init)
    [Anonymous Symbol]                       0x08002d30   Section        0  gd32e23x_dma.o(.text.dma_interrupt_enable)
    [Anonymous Symbol]                       0x08002d50   Section        0  gd32e23x_dma.o(.text.dma_interrupt_flag_clear)
    __arm_cp.24_0                            0x08002d70   Number         4  gd32e23x_dma.o(.text.dma_interrupt_flag_clear)
    [Anonymous Symbol]                       0x08002d74   Section        0  gd32e23x_dma.o(.text.dma_interrupt_flag_get)
    __arm_cp.23_0                            0x08002e30   Number         4  gd32e23x_dma.o(.text.dma_interrupt_flag_get)
    __arm_cp.23_1                            0x08002e34   Number         4  gd32e23x_dma.o(.text.dma_interrupt_flag_get)
    [Anonymous Symbol]                       0x08002e38   Section        0  gd32e23x_dma.o(.text.dma_struct_para_init)
    [Anonymous Symbol]                       0x08002e66   Section        0  gd32e23x_gpio.o(.text.gpio_af_set)
    [Anonymous Symbol]                       0x08002f26   Section        0  gd32e23x_gpio.o(.text.gpio_bit_reset)
    [Anonymous Symbol]                       0x08002f36   Section        0  gd32e23x_gpio.o(.text.gpio_bit_toggle)
    [Anonymous Symbol]                       0x08002f46   Section        0  gd32e23x_gpio.o(.text.gpio_mode_set)
    [Anonymous Symbol]                       0x08002fd4   Section        0  gd32e23x_gpio.o(.text.gpio_output_options_set)
    [Anonymous Symbol]                       0x0800305e   Section        0  main.o(.text.main)
    [Anonymous Symbol]                       0x0800308a   Section        0  gd32e23x_misc.o(.text.nvic_irq_enable)
    [Anonymous Symbol]                       0x080030b8   Section        0  gd32e23x_misc.o(.text.nvic_vector_table_set)
    __arm_cp.7_0                             0x080030d0   Number         4  gd32e23x_misc.o(.text.nvic_vector_table_set)
    __arm_cp.7_1                             0x080030d4   Number         4  gd32e23x_misc.o(.text.nvic_vector_table_set)
    [Anonymous Symbol]                       0x080030d8   Section        0  gd32e23x_rcu.o(.text.rcu_adc_clock_config)
    __arm_cp.14_2                            0x08003258   Number         4  gd32e23x_rcu.o(.text.rcu_adc_clock_config)
    [Anonymous Symbol]                       0x0800325c   Section        0  gd32e23x_rcu.o(.text.rcu_clock_freq_get)
    __arm_cp.38_0                            0x080034b4   Number         4  gd32e23x_rcu.o(.text.rcu_clock_freq_get)
    __arm_cp.38_1                            0x080034b8   Number         4  gd32e23x_rcu.o(.text.rcu_clock_freq_get)
    __arm_cp.38_2                            0x080034bc   Number         4  gd32e23x_rcu.o(.text.rcu_clock_freq_get)
    __arm_cp.38_3                            0x080034c0   Number         4  gd32e23x_rcu.o(.text.rcu_clock_freq_get)
    __arm_cp.38_4                            0x080034c4   Number         4  gd32e23x_rcu.o(.text.rcu_clock_freq_get)
    __arm_cp.38_5                            0x080034c8   Number         4  gd32e23x_rcu.o(.text.rcu_clock_freq_get)
    __arm_cp.38_6                            0x080034cc   Number         4  gd32e23x_rcu.o(.text.rcu_clock_freq_get)
    __arm_cp.38_7                            0x080034d0   Number         4  gd32e23x_rcu.o(.text.rcu_clock_freq_get)
    __arm_cp.38_8                            0x080034d4   Number         4  gd32e23x_rcu.o(.text.rcu_clock_freq_get)
    [Anonymous Symbol]                       0x080034d8   Section        0  gd32e23x_rcu.o(.text.rcu_periph_clock_enable)
    [Anonymous Symbol]                       0x080034fc   Section        0  gd32e23x_rcu.o(.text.rcu_periph_reset_disable)
    [Anonymous Symbol]                       0x08003520   Section        0  gd32e23x_rcu.o(.text.rcu_periph_reset_enable)
    [Anonymous Symbol]                       0x08003544   Section        0  gd32e23x_syscfg.o(.text.syscfg_dma_remap_disable)
    __arm_cp.2_0                             0x08003558   Number         4  gd32e23x_syscfg.o(.text.syscfg_dma_remap_disable)
    system_clock_72m_irc8m                   0x0800355d   Thumb Code   204  system_gd32e23x.o(.text.system_clock_72m_irc8m)
    [Anonymous Symbol]                       0x0800355c   Section        0  system_gd32e23x.o(.text.system_clock_72m_irc8m)
    __arm_cp.3_0                             0x08003628   Number         4  system_gd32e23x.o(.text.system_clock_72m_irc8m)
    __arm_cp.3_1                             0x0800362c   Number         4  system_gd32e23x.o(.text.system_clock_72m_irc8m)
    __arm_cp.3_2                             0x08003630   Number         4  system_gd32e23x.o(.text.system_clock_72m_irc8m)
    __arm_cp.3_3                             0x08003634   Number         4  system_gd32e23x.o(.text.system_clock_72m_irc8m)
    __arm_cp.3_4                             0x08003638   Number         4  system_gd32e23x.o(.text.system_clock_72m_irc8m)
    system_clock_config                      0x0800363d   Thumb Code     8  system_gd32e23x.o(.text.system_clock_config)
    [Anonymous Symbol]                       0x0800363c   Section        0  system_gd32e23x.o(.text.system_clock_config)
    [Anonymous Symbol]                       0x08003644   Section        0  gd32e23x_timer.o(.text.timer_auto_reload_shadow_enable)
    [Anonymous Symbol]                       0x08003658   Section        0  gd32e23x_timer.o(.text.timer_channel_output_config)
    __arm_cp.42_0                            0x0800393c   Number         4  gd32e23x_timer.o(.text.timer_channel_output_config)
    __arm_cp.42_1                            0x08003940   Number         4  gd32e23x_timer.o(.text.timer_channel_output_config)
    __arm_cp.42_2                            0x08003944   Number         4  gd32e23x_timer.o(.text.timer_channel_output_config)
    __arm_cp.42_3                            0x08003948   Number         4  gd32e23x_timer.o(.text.timer_channel_output_config)
    [Anonymous Symbol]                       0x0800394c   Section        0  gd32e23x_timer.o(.text.timer_channel_output_mode_config)
    [Anonymous Symbol]                       0x080039ec   Section        0  gd32e23x_timer.o(.text.timer_channel_output_pulse_value_config)
    [Anonymous Symbol]                       0x08003a40   Section        0  gd32e23x_timer.o(.text.timer_channel_output_shadow_config)
    [Anonymous Symbol]                       0x08003ade   Section        0  gd32e23x_timer.o(.text.timer_counter_read)
    [Anonymous Symbol]                       0x08003af2   Section        0  gd32e23x_timer.o(.text.timer_counter_up_direction)
    [Anonymous Symbol]                       0x08003b04   Section        0  gd32e23x_timer.o(.text.timer_deinit)
    __arm_cp.0_1                             0x08003bcc   Number         4  gd32e23x_timer.o(.text.timer_deinit)
    __arm_cp.0_3                             0x08003bd0   Number         4  gd32e23x_timer.o(.text.timer_deinit)
    __arm_cp.0_4                             0x08003bd4   Number         4  gd32e23x_timer.o(.text.timer_deinit)
    __arm_cp.0_7                             0x08003bd8   Number         4  gd32e23x_timer.o(.text.timer_deinit)
    __arm_cp.0_8                             0x08003bdc   Number         4  gd32e23x_timer.o(.text.timer_deinit)
    __arm_cp.0_9                             0x08003be0   Number         4  gd32e23x_timer.o(.text.timer_deinit)
    __arm_cp.0_10                            0x08003be4   Number         4  gd32e23x_timer.o(.text.timer_deinit)
    __arm_cp.0_11                            0x08003be8   Number         4  gd32e23x_timer.o(.text.timer_deinit)
    [Anonymous Symbol]                       0x08003bec   Section        0  gd32e23x_timer.o(.text.timer_enable)
    [Anonymous Symbol]                       0x08003bfe   Section        0  gd32e23x_timer.o(.text.timer_external_clock_mode1_config)
    [Anonymous Symbol]                       0x08003c26   Section        0  gd32e23x_timer.o(.text.timer_external_trigger_config)
    [Anonymous Symbol]                       0x08003c5c   Section        0  gd32e23x_timer.o(.text.timer_init)
    __arm_cp.2_0                             0x08003d40   Number         4  gd32e23x_timer.o(.text.timer_init)
    __arm_cp.2_1                             0x08003d44   Number         4  gd32e23x_timer.o(.text.timer_init)
    __arm_cp.2_2                             0x08003d48   Number         4  gd32e23x_timer.o(.text.timer_init)
    __arm_cp.2_3                             0x08003d4c   Number         4  gd32e23x_timer.o(.text.timer_init)
    __arm_cp.2_4                             0x08003d50   Number         4  gd32e23x_timer.o(.text.timer_init)
    __arm_cp.2_5                             0x08003d54   Number         4  gd32e23x_timer.o(.text.timer_init)
    [Anonymous Symbol]                       0x08003d58   Section        0  gd32e23x_timer.o(.text.timer_input_trigger_source_select)
    [Anonymous Symbol]                       0x08003d76   Section        0  gd32e23x_timer.o(.text.timer_interrupt_enable)
    [Anonymous Symbol]                       0x08003d8a   Section        0  gd32e23x_timer.o(.text.timer_interrupt_flag_clear)
    [Anonymous Symbol]                       0x08003d9e   Section        0  gd32e23x_timer.o(.text.timer_interrupt_flag_get)
    [Anonymous Symbol]                       0x08003dd8   Section        0  gd32e23x_timer.o(.text.timer_master_slave_mode_config)
    [Anonymous Symbol]                       0x08003e0c   Section        0  gd32e23x_timer.o(.text.timer_output_value_selection_config)
    [Anonymous Symbol]                       0x08003e48   Section        0  gd32e23x_timer.o(.text.timer_primary_output_config)
    [Anonymous Symbol]                       0x08003e78   Section        0  gd32e23x_timer.o(.text.timer_struct_para_init)
    __arm_cp.1_0                             0x08003e9c   Number         4  gd32e23x_timer.o(.text.timer_struct_para_init)
    [Anonymous Symbol]                       0x08003ea0   Section        0  gd32e23x_timer.o(.text.timer_update_source_config)
    [Anonymous Symbol]                       0x08003ed4   Section        0  gd32e23x_usart.o(.text.usart_baudrate_set)
    __arm_cp.1_2                             0x08003f80   Number         4  gd32e23x_usart.o(.text.usart_baudrate_set)
    [Anonymous Symbol]                       0x08003f84   Section        0  gd32e23x_usart.o(.text.usart_data_receive)
    [Anonymous Symbol]                       0x08003f94   Section        0  gd32e23x_usart.o(.text.usart_data_transmit)
    __arm_cp.18_0                            0x08003fa8   Number         4  gd32e23x_usart.o(.text.usart_data_transmit)
    [Anonymous Symbol]                       0x08003fac   Section        0  gd32e23x_usart.o(.text.usart_deinit)
    __arm_cp.0_0                             0x08003ff0   Number         4  gd32e23x_usart.o(.text.usart_deinit)
    __arm_cp.0_1                             0x08003ff4   Number         4  gd32e23x_usart.o(.text.usart_deinit)
    __arm_cp.0_2                             0x08003ff8   Number         4  gd32e23x_usart.o(.text.usart_deinit)
    __arm_cp.0_3                             0x08003ffc   Number         4  gd32e23x_usart.o(.text.usart_deinit)
    [Anonymous Symbol]                       0x08004000   Section        0  gd32e23x_usart.o(.text.usart_depolarity_config)
    [Anonymous Symbol]                       0x0800402c   Section        0  gd32e23x_usart.o(.text.usart_driver_assertime_config)
    [Anonymous Symbol]                       0x0800405a   Section        0  gd32e23x_usart.o(.text.usart_driver_deassertime_config)
    [Anonymous Symbol]                       0x08004088   Section        0  gd32e23x_usart.o(.text.usart_enable)
    [Anonymous Symbol]                       0x0800409a   Section        0  gd32e23x_usart.o(.text.usart_interrupt_disable)
    [Anonymous Symbol]                       0x080040bc   Section        0  gd32e23x_usart.o(.text.usart_interrupt_enable)
    [Anonymous Symbol]                       0x080040e0   Section        0  gd32e23x_usart.o(.text.usart_interrupt_flag_clear)
    __arm_cp.73_0                            0x0800411c   Number         4  gd32e23x_usart.o(.text.usart_interrupt_flag_clear)
    [Anonymous Symbol]                       0x08004120   Section        0  gd32e23x_usart.o(.text.usart_interrupt_flag_get)
    [Anonymous Symbol]                       0x08004182   Section        0  gd32e23x_usart.o(.text.usart_receive_config)
    [Anonymous Symbol]                       0x080041a0   Section        0  gd32e23x_usart.o(.text.usart_transmit_config)
    i._dgeq                                  0x080041be   Section        0  dcmp.o(i._dgeq)
    i._dgr                                   0x080041d4   Section        0  dcmp.o(i._dgr)
    x$fpl$dgeqf                              0x080041ec   Section      100  dgef.o(x$fpl$dgeqf)
    x$fpl$fmul                               0x08004250   Section      176  fmul.o(x$fpl$fmul)
    ddiv_reciptbl                            0x08004300   Data         128  ddiv.o(.constdata)
    .constdata                               0x08004300   Section      128  ddiv.o(.constdata)
    x$fpl$usenofp                            0x08004300   Section        0  usenofp.o(x$fpl$usenofp)
    fdiv_tab                                 0x08004380   Data          64  fdiv.o(.constdata)
    .constdata                               0x08004380   Section       64  fdiv.o(.constdata)
    CRC_TABLE                                0x080043c0   Data         256  crc8_ccitt.o(.rodata.CRC_TABLE)
    [Anonymous Symbol]                       0x080043c0   Section        0  crc8_ccitt.o(.rodata.CRC_TABLE)
    CalibADCCoeffMul                         0x080044c0   Data          20  drv_adc.o(.rodata.CalibADCCoeffMul)
    [Anonymous Symbol]                       0x080044c0   Section        0  drv_adc.o(.rodata.CalibADCCoeffMul)
    VrefInt                                  0x20000004   Data           4  drv_adc.o(.data.VrefInt)
    [Anonymous Symbol]                       0x20000004   Section        0  drv_adc.o(.data.VrefInt)
    .bss                                     0x20000100   Section       96  libspace.o(.bss)
    ADCDMABuff0                              0x20000160   Data         256  drv_adc.o(.bss.ADCDMABuff0)
    [Anonymous Symbol]                       0x20000160   Section        0  drv_adc.o(.bss.ADCDMABuff0)
    ADCReadyData                             0x20000260   Data           1  drv_adc.o(.bss.ADCReadyData)
    [Anonymous Symbol]                       0x20000260   Section        0  drv_adc.o(.bss.ADCReadyData)
    ADCResultAVG                             0x20000264   Data          20  drv_adc.o(.bss.ADCResultAVG)
    [Anonymous Symbol]                       0x20000264   Section        0  drv_adc.o(.bss.ADCResultAVG)
    ADCResultMax                             0x20000278   Data          20  drv_adc.o(.bss.ADCResultMax)
    [Anonymous Symbol]                       0x20000278   Section        0  drv_adc.o(.bss.ADCResultMax)
    ADCResultMin                             0x2000028c   Data          20  drv_adc.o(.bss.ADCResultMin)
    [Anonymous Symbol]                       0x2000028c   Section        0  drv_adc.o(.bss.ADCResultMin)
    Counter                                  0x200002a0   Data           4  drv_freqmet.o(.bss.Counter)
    [Anonymous Symbol]                       0x200002a0   Section        0  drv_freqmet.o(.bss.Counter)
    Data                                     0x200002a4   Data          72  uartroutine.o(.bss.Data)
    [Anonymous Symbol]                       0x200002a4   Section        0  uartroutine.o(.bss.Data)
    DataProcessMon.Count                     0x200002ec   Data           4  drv_adc.o(.bss.DataProcessMon.Count)
    [Anonymous Symbol]                       0x200002ec   Section        0  drv_adc.o(.bss.DataProcessMon.Count)
    DataReady                                0x200002f0   Data           1  drv_adc.o(.bss.DataReady)
    [Anonymous Symbol]                       0x200002f0   Section        0  drv_adc.o(.bss.DataReady)
    Freq                                     0x200002f4   Data           4  drv_freqmet.o(.bss.Freq)
    [Anonymous Symbol]                       0x200002f4   Section        0  drv_freqmet.o(.bss.Freq)
    MaxADC                                   0x200002f8   Data          10  drv_adc.o(.bss.MaxADC)
    [Anonymous Symbol]                       0x200002f8   Section        0  drv_adc.o(.bss.MaxADC)
    MinADC                                   0x20000302   Data          10  drv_adc.o(.bss.MinADC)
    [Anonymous Symbol]                       0x20000302   Section        0  drv_adc.o(.bss.MinADC)
    MonADC0ScalVal.InitVrefInt               0x2000030c   Data           1  drv_adc.o(.bss.MonADC0ScalVal.InitVrefInt)
    [Anonymous Symbol]                       0x2000030c   Section        0  drv_adc.o(.bss.MonADC0ScalVal.InitVrefInt)
    NumberOfBytesRxFIFO                      0x20000310   Data           4  drv_uart.o(.bss.NumberOfBytesRxFIFO)
    [Anonymous Symbol]                       0x20000310   Section        0  drv_uart.o(.bss.NumberOfBytesRxFIFO)
    NumberOfBytesTxFIFO                      0x20000314   Data           4  drv_uart.o(.bss.NumberOfBytesTxFIFO)
    [Anonymous Symbol]                       0x20000314   Section        0  drv_uart.o(.bss.NumberOfBytesTxFIFO)
    PopIndexToRxFIFO                         0x20000318   Data           4  drv_uart.o(.bss.PopIndexToRxFIFO)
    [Anonymous Symbol]                       0x20000318   Section        0  drv_uart.o(.bss.PopIndexToRxFIFO)
    PopIndexToTxFIFO                         0x2000031c   Data           4  drv_uart.o(.bss.PopIndexToTxFIFO)
    [Anonymous Symbol]                       0x2000031c   Section        0  drv_uart.o(.bss.PopIndexToTxFIFO)
    PushIndexToRxFIFO                        0x20000320   Data           4  drv_uart.o(.bss.PushIndexToRxFIFO)
    [Anonymous Symbol]                       0x20000320   Section        0  drv_uart.o(.bss.PushIndexToRxFIFO)
    PushIndexToTxFIFO                        0x20000324   Data           4  drv_uart.o(.bss.PushIndexToTxFIFO)
    [Anonymous Symbol]                       0x20000324   Section        0  drv_uart.o(.bss.PushIndexToTxFIFO)
    RequestAccepted.Index                    0x20000328   Data           4  uartroutine.o(.bss.RequestAccepted.Index)
    [Anonymous Symbol]                       0x20000328   Section        0  uartroutine.o(.bss.RequestAccepted.Index)
    RequestAccepted.Mode                     0x2000032c   Data           1  uartroutine.o(.bss.RequestAccepted.Mode)
    [Anonymous Symbol]                       0x2000032c   Section        0  uartroutine.o(.bss.RequestAccepted.Mode)
    RequestAccepted.RS                       0x20000330   Data          12  uartroutine.o(.bss.RequestAccepted.RS)
    [Anonymous Symbol]                       0x20000330   Section        0  uartroutine.o(.bss.RequestAccepted.RS)
    RequestAccepted.TO                       0x20000340   Data           8  uartroutine.o(.bss.RequestAccepted.TO)
    [Anonymous Symbol]                       0x20000340   Section        0  uartroutine.o(.bss.RequestAccepted.TO)
    RoutineFreqMet.PrevCounter               0x20000348   Data           8  drv_freqmet.o(.bss.RoutineFreqMet.PrevCounter)
    [Anonymous Symbol]                       0x20000348   Section        0  drv_freqmet.o(.bss.RoutineFreqMet.PrevCounter)
    RoutineFreqMet.T                         0x20000350   Data           8  drv_freqmet.o(.bss.RoutineFreqMet.T)
    [Anonymous Symbol]                       0x20000350   Section        0  drv_freqmet.o(.bss.RoutineFreqMet.T)
    RxFIFO                                   0x20000400   Data         256  drv_uart.o(.bss.RxFIFO)
    [Anonymous Symbol]                       0x20000400   Section        0  drv_uart.o(.bss.RxFIFO)
    SCount                                   0x20000500   Data           4  drv_adc.o(.bss.SCount)
    [Anonymous Symbol]                       0x20000500   Section        0  drv_adc.o(.bss.SCount)
    SMaxADC                                  0x20000504   Data          10  drv_adc.o(.bss.SMaxADC)
    [Anonymous Symbol]                       0x20000504   Section        0  drv_adc.o(.bss.SMaxADC)
    SMinADC                                  0x2000050e   Data          10  drv_adc.o(.bss.SMinADC)
    [Anonymous Symbol]                       0x2000050e   Section        0  drv_adc.o(.bss.SMinADC)
    SSumADC                                  0x20000518   Data          20  drv_adc.o(.bss.SSumADC)
    [Anonymous Symbol]                       0x20000518   Section        0  drv_adc.o(.bss.SSumADC)
    SumADC                                   0x2000052c   Data          20  drv_adc.o(.bss.SumADC)
    [Anonymous Symbol]                       0x2000052c   Section        0  drv_adc.o(.bss.SumADC)
    TimeCounter                              0x20000540   Data           4  drv_time.o(.bss.TimeCounter)
    [Anonymous Symbol]                       0x20000540   Section        0  drv_time.o(.bss.TimeCounter)
    TxFIFO                                   0x20000600   Data         256  drv_uart.o(.bss.TxFIFO)
    [Anonymous Symbol]                       0x20000600   Section        0  drv_uart.o(.bss.TxFIFO)
    Heap_Mem                                 0x20000700   Data           4  startup_gd32e23x.o(HEAP)
    HEAP                                     0x20000700   Section        4  startup_gd32e23x.o(HEAP)
    Stack_Mem                                0x20000708   Data         512  startup_gd32e23x.o(STACK)
    STACK                                    0x20000708   Section      512  startup_gd32e23x.o(STACK)
    __initial_sp                             0x20000908   Data           0  startup_gd32e23x.o(STACK)

    Global Symbols

    Symbol Name                              Value     Ov Type        Size  Object(Section)

    BuildAttributes$$THM_ISAv3M$S$8M$PE$A:L22$X:L11$S22$IEEE1$IW$~IW$USESV6$~STKCKD$USESV7$~SHL$OSPACE$ROPI$EBA8$UX$STANDARDLIB$REQ8$PRES8$EABIv2 0x00000000   Number         0  anon$$obj.o ABSOLUTE
    __ARM_exceptions_init                     - Undefined Weak Reference
    __alloca_initialize                       - Undefined Weak Reference
    __arm_preinit_                            - Undefined Weak Reference
    __arm_relocate_pie_                       - Undefined Weak Reference
    __cpp_initialize__aeabi_                  - Undefined Weak Reference
    __cxa_finalize                            - Undefined Weak Reference
    __rt_locale                               - Undefined Weak Reference
    __sigvec_lookup                           - Undefined Weak Reference
    _atexit_init                              - Undefined Weak Reference
    _call_atexit_fns                          - Undefined Weak Reference
    _clock_init                               - Undefined Weak Reference
    _fp_trap_init                             - Undefined Weak Reference
    _fp_trap_shutdown                         - Undefined Weak Reference
    _get_lc_collate                           - Undefined Weak Reference
    _get_lc_ctype                             - Undefined Weak Reference
    _get_lc_monetary                          - Undefined Weak Reference
    _get_lc_numeric                           - Undefined Weak Reference
    _get_lc_time                              - Undefined Weak Reference
    _getenv_init                              - Undefined Weak Reference
    _handle_redirection                       - Undefined Weak Reference
    _init_alloc                               - Undefined Weak Reference
    _init_user_alloc                          - Undefined Weak Reference
    _initio                                   - Undefined Weak Reference
    _rand_init                                - Undefined Weak Reference
    _signal_finish                            - Undefined Weak Reference
    _signal_init                              - Undefined Weak Reference
    _terminate_alloc                          - Undefined Weak Reference
    _terminate_user_alloc                     - Undefined Weak Reference
    _terminateio                              - Undefined Weak Reference
    __Vectors_Size                           0x000000cc   Number         0  startup_gd32e23x.o ABSOLUTE
    __Vectors                                0x08000000   Data           4  startup_gd32e23x.o(RESET)
    __Vectors_End                            0x080000cc   Data           0  startup_gd32e23x.o(RESET)
    __main                                   0x080000cd   Thumb Code     8  __main.o(!!!main)
    __scatterload                            0x080000d5   Thumb Code     0  __scatter.o(!!!scatter)
    __scatterload_rt2                        0x080000d5   Thumb Code    52  __scatter.o(!!!scatter)
    __scatterload_rt2_thumb_only             0x080000d5   Thumb Code     0  __scatter.o(!!!scatter)
    __scatterload_null                       0x080000e5   Thumb Code     0  __scatter.o(!!!scatter)
    __scatterload_copy                       0x08000111   Thumb Code    26  __scatter_copy.o(!!handler_copy)
    __scatterload_zeroinit                   0x0800012d   Thumb Code    28  __scatter_zi.o(!!handler_zi)
    __rt_lib_init                            0x08000149   Thumb Code     0  libinit.o(.ARM.Collect$$libinit$$00000000)
    __rt_lib_init_alloca_1                   0x0800014b   Thumb Code     0  libinit2.o(.ARM.Collect$$libinit$$00000030)
    __rt_lib_init_argv_1                     0x0800014b   Thumb Code     0  libinit2.o(.ARM.Collect$$libinit$$0000002E)
    __rt_lib_init_atexit_1                   0x0800014b   Thumb Code     0  libinit2.o(.ARM.Collect$$libinit$$0000001D)
    __rt_lib_init_clock_1                    0x0800014b   Thumb Code     0  libinit2.o(.ARM.Collect$$libinit$$00000023)
    __rt_lib_init_cpp_1                      0x0800014b   Thumb Code     0  libinit2.o(.ARM.Collect$$libinit$$00000034)
    __rt_lib_init_exceptions_1               0x0800014b   Thumb Code     0  libinit2.o(.ARM.Collect$$libinit$$00000032)
    __rt_lib_init_fp_1                       0x0800014b   Thumb Code     0  libinit2.o(.ARM.Collect$$libinit$$00000002)
    __rt_lib_init_fp_trap_1                  0x0800014b   Thumb Code     0  libinit2.o(.ARM.Collect$$libinit$$00000021)
    __rt_lib_init_getenv_1                   0x0800014b   Thumb Code     0  libinit2.o(.ARM.Collect$$libinit$$00000025)
    __rt_lib_init_heap_1                     0x0800014b   Thumb Code     0  libinit2.o(.ARM.Collect$$libinit$$0000000C)
    __rt_lib_init_lc_collate_1               0x0800014b   Thumb Code     0  libinit2.o(.ARM.Collect$$libinit$$00000013)
    __rt_lib_init_lc_ctype_1                 0x0800014b   Thumb Code     0  libinit2.o(.ARM.Collect$$libinit$$00000015)
    __rt_lib_init_lc_monetary_1              0x0800014b   Thumb Code     0  libinit2.o(.ARM.Collect$$libinit$$00000017)
    __rt_lib_init_lc_numeric_1               0x0800014b   Thumb Code     0  libinit2.o(.ARM.Collect$$libinit$$00000019)
    __rt_lib_init_lc_time_1                  0x0800014b   Thumb Code     0  libinit2.o(.ARM.Collect$$libinit$$0000001B)
    __rt_lib_init_preinit_1                  0x0800014b   Thumb Code     0  libinit2.o(.ARM.Collect$$libinit$$00000006)
    __rt_lib_init_rand_1                     0x0800014b   Thumb Code     0  libinit2.o(.ARM.Collect$$libinit$$00000010)
    __rt_lib_init_relocate_pie_1             0x0800014b   Thumb Code     0  libinit2.o(.ARM.Collect$$libinit$$00000004)
    __rt_lib_init_return                     0x0800014b   Thumb Code     0  libinit2.o(.ARM.Collect$$libinit$$00000035)
    __rt_lib_init_signal_1                   0x0800014b   Thumb Code     0  libinit2.o(.ARM.Collect$$libinit$$0000001F)
    __rt_lib_init_stdio_1                    0x0800014b   Thumb Code     0  libinit2.o(.ARM.Collect$$libinit$$00000027)
    __rt_lib_init_user_alloc_1               0x0800014b   Thumb Code     0  libinit2.o(.ARM.Collect$$libinit$$0000000E)
    __rt_lib_shutdown                        0x0800014d   Thumb Code     0  libshutdown.o(.ARM.Collect$$libshutdown$$00000000)
    __rt_lib_shutdown_cpp_1                  0x0800014f   Thumb Code     0  libshutdown2.o(.ARM.Collect$$libshutdown$$00000002)
    __rt_lib_shutdown_fp_trap_1              0x0800014f   Thumb Code     0  libshutdown2.o(.ARM.Collect$$libshutdown$$00000007)
    __rt_lib_shutdown_heap_1                 0x0800014f   Thumb Code     0  libshutdown2.o(.ARM.Collect$$libshutdown$$0000000F)
    __rt_lib_shutdown_return                 0x0800014f   Thumb Code     0  libshutdown2.o(.ARM.Collect$$libshutdown$$00000010)
    __rt_lib_shutdown_signal_1               0x0800014f   Thumb Code     0  libshutdown2.o(.ARM.Collect$$libshutdown$$0000000A)
    __rt_lib_shutdown_stdio_1                0x0800014f   Thumb Code     0  libshutdown2.o(.ARM.Collect$$libshutdown$$00000004)
    __rt_lib_shutdown_user_alloc_1           0x0800014f   Thumb Code     0  libshutdown2.o(.ARM.Collect$$libshutdown$$0000000C)
    __rt_entry                               0x08000151   Thumb Code     0  __rtentry.o(.ARM.Collect$$rtentry$$00000000)
    __rt_entry_presh_1                       0x08000151   Thumb Code     0  __rtentry2.o(.ARM.Collect$$rtentry$$00000002)
    __rt_entry_sh                            0x08000151   Thumb Code     0  __rtentry4.o(.ARM.Collect$$rtentry$$00000004)
    __rt_entry_li                            0x08000157   Thumb Code     0  __rtentry2.o(.ARM.Collect$$rtentry$$0000000A)
    __rt_entry_postsh_1                      0x08000157   Thumb Code     0  __rtentry2.o(.ARM.Collect$$rtentry$$00000009)
    __rt_entry_main                          0x0800015b   Thumb Code     0  __rtentry2.o(.ARM.Collect$$rtentry$$0000000D)
    __rt_entry_postli_1                      0x0800015b   Thumb Code     0  __rtentry2.o(.ARM.Collect$$rtentry$$0000000C)
    __rt_exit                                0x08000163   Thumb Code     0  rtexit.o(.ARM.Collect$$rtexit$$00000000)
    __rt_exit_ls                             0x08000165   Thumb Code     0  rtexit2.o(.ARM.Collect$$rtexit$$00000003)
    __rt_exit_prels_1                        0x08000165   Thumb Code     0  rtexit2.o(.ARM.Collect$$rtexit$$00000002)
    __rt_exit_exit                           0x08000169   Thumb Code     0  rtexit2.o(.ARM.Collect$$rtexit$$00000004)
    Reset_Handler                            0x08000171   Thumb Code     8  startup_gd32e23x.o(.text)
    NMI_Handler                              0x08000179   Thumb Code     2  startup_gd32e23x.o(.text)
    HardFault_Handler                        0x0800017b   Thumb Code     2  startup_gd32e23x.o(.text)
    SVC_Handler                              0x0800017d   Thumb Code     2  startup_gd32e23x.o(.text)
    PendSV_Handler                           0x0800017f   Thumb Code     2  startup_gd32e23x.o(.text)
    ADC_CMP_IRQHandler                       0x08000183   Thumb Code     0  startup_gd32e23x.o(.text)
    DMA_Channel1_2_IRQHandler                0x08000183   Thumb Code     0  startup_gd32e23x.o(.text)
    DMA_Channel3_4_IRQHandler                0x08000183   Thumb Code     0  startup_gd32e23x.o(.text)
    EXTI0_1_IRQHandler                       0x08000183   Thumb Code     0  startup_gd32e23x.o(.text)
    EXTI2_3_IRQHandler                       0x08000183   Thumb Code     0  startup_gd32e23x.o(.text)
    EXTI4_15_IRQHandler                      0x08000183   Thumb Code     0  startup_gd32e23x.o(.text)
    FMC_IRQHandler                           0x08000183   Thumb Code     0  startup_gd32e23x.o(.text)
    I2C0_ER_IRQHandler                       0x08000183   Thumb Code     0  startup_gd32e23x.o(.text)
    I2C0_EV_IRQHandler                       0x08000183   Thumb Code     0  startup_gd32e23x.o(.text)
    I2C1_ER_IRQHandler                       0x08000183   Thumb Code     0  startup_gd32e23x.o(.text)
    I2C1_EV_IRQHandler                       0x08000183   Thumb Code     0  startup_gd32e23x.o(.text)
    LVD_IRQHandler                           0x08000183   Thumb Code     0  startup_gd32e23x.o(.text)
    RCU_IRQHandler                           0x08000183   Thumb Code     0  startup_gd32e23x.o(.text)
    RTC_IRQHandler                           0x08000183   Thumb Code     0  startup_gd32e23x.o(.text)
    SPI0_IRQHandler                          0x08000183   Thumb Code     0  startup_gd32e23x.o(.text)
    SPI1_IRQHandler                          0x08000183   Thumb Code     0  startup_gd32e23x.o(.text)
    TIMER0_Channel_IRQHandler                0x08000183   Thumb Code     0  startup_gd32e23x.o(.text)
    TIMER13_IRQHandler                       0x08000183   Thumb Code     0  startup_gd32e23x.o(.text)
    TIMER14_IRQHandler                       0x08000183   Thumb Code     0  startup_gd32e23x.o(.text)
    TIMER15_IRQHandler                       0x08000183   Thumb Code     0  startup_gd32e23x.o(.text)
    TIMER16_IRQHandler                       0x08000183   Thumb Code     0  startup_gd32e23x.o(.text)
    TIMER2_IRQHandler                        0x08000183   Thumb Code     0  startup_gd32e23x.o(.text)
    TIMER5_IRQHandler                        0x08000183   Thumb Code     0  startup_gd32e23x.o(.text)
    USART1_IRQHandler                        0x08000183   Thumb Code     0  startup_gd32e23x.o(.text)
    WWDGT_IRQHandler                         0x08000183   Thumb Code     0  startup_gd32e23x.o(.text)
    __user_initial_stackheap                 0x08000185   Thumb Code    10  startup_gd32e23x.o(.text)
    __aeabi_lmul                             0x080001a9   Thumb Code    48  llmul.o(.text)
    _ll_mul                                  0x080001a9   Thumb Code     0  llmul.o(.text)
    __aeabi_uldivmod                         0x080001d9   Thumb Code   272  lludiv.o(.text)
    _ll_udiv                                 0x080001d9   Thumb Code     0  lludiv.o(.text)
    _memset_w                                0x080002e9   Thumb Code    26  rt_memclr.o(.text)
    _memset                                  0x08000303   Thumb Code    30  rt_memclr.o(.text)
    __aeabi_memclr                           0x08000321   Thumb Code     4  rt_memclr.o(.text)
    __rt_memclr                              0x08000321   Thumb Code     0  rt_memclr.o(.text)
    __aeabi_memclr4                          0x08000325   Thumb Code     0  rt_memclr.o(.text)
    __aeabi_memclr8                          0x08000325   Thumb Code     0  rt_memclr.o(.text)
    __rt_memclr_w                            0x08000325   Thumb Code     4  rt_memclr.o(.text)
    __use_two_region_memory                  0x08000329   Thumb Code     2  heapauxi.o(.text)
    __rt_heap_escrow$2region                 0x0800032b   Thumb Code     2  heapauxi.o(.text)
    __rt_heap_expand$2region                 0x0800032d   Thumb Code     2  heapauxi.o(.text)
    __aeabi_d2f                              0x08000331   Thumb Code     0  d2f.o(.text)
    _d2f                                     0x08000331   Thumb Code   120  d2f.o(.text)
    __aeabi_dadd                             0x080006a5   Thumb Code     0  daddsub.o(.text)
    _dadd                                    0x080006a5   Thumb Code    26  daddsub.o(.text)
    __aeabi_dsub                             0x080006bf   Thumb Code     0  daddsub.o(.text)
    _dsub                                    0x080006bf   Thumb Code    22  daddsub.o(.text)
    __aeabi_drsub                            0x080006d5   Thumb Code     0  daddsub.o(.text)
    _drsb                                    0x080006d5   Thumb Code    28  daddsub.o(.text)
    __aeabi_ddiv                             0x08000705   Thumb Code     0  ddiv.o(.text)
    _ddiv                                    0x08000705   Thumb Code  1072  ddiv.o(.text)
    _drdiv                                   0x08000b35   Thumb Code    20  ddiv.o(.text)
    __aeabi_dmul                             0x08000b4d   Thumb Code     0  dmul.o(.text)
    _dmul                                    0x08000b4d   Thumb Code   558  dmul.o(.text)
    __aeabi_f2d                              0x08000d95   Thumb Code     0  f2d.o(.text)
    _f2d                                     0x08000d95   Thumb Code    80  f2d.o(.text)
    __aeabi_fdiv                             0x08000de9   Thumb Code     0  fdiv.o(.text)
    _fdiv                                    0x08000de9   Thumb Code   334  fdiv.o(.text)
    _frdiv                                   0x08000f37   Thumb Code     8  fdiv.o(.text)
    __aeabi_i2f_normalise                    0x08000f49   Thumb Code    72  fflti.o(.text)
    __aeabi_i2f                              0x08000f91   Thumb Code    16  fflti.o(.text)
    _fflt                                    0x08000f91   Thumb Code     0  fflti.o(.text)
    __aeabi_ui2f                             0x08000fa1   Thumb Code     6  fflti.o(.text)
    _ffltu                                   0x08000fa1   Thumb Code     0  fflti.o(.text)
    __aeabi_l2f_normalise                    0x08000fa7   Thumb Code   102  ffltl.o(.text)
    __aeabi_l2f                              0x0800100d   Thumb Code    22  ffltl.o(.text)
    _ll_sto_f                                0x0800100d   Thumb Code     0  ffltl.o(.text)
    __aeabi_ul2f                             0x08001023   Thumb Code     6  ffltl.o(.text)
    _ll_uto_f                                0x08001023   Thumb Code     0  ffltl.o(.text)
    __fpl_dcmp_InfNaN                        0x08001029   Thumb Code   154  dcmpin.o(.text)
    __user_setup_stackheap                   0x080010c9   Thumb Code    62  sys_stackheap_outer.o(.text)
    exit                                     0x08001107   Thumb Code    16  exit.o(.text)
    __fpl_cmpreturn                          0x08001117   Thumb Code    46  cmpret.o(.text)
    __fpl_dcheck_NaN2                        0x08001145   Thumb Code    14  dnan2.o(.text)
    __user_libspace                          0x08001159   Thumb Code     8  libspace.o(.text)
    __user_perproc_libspace                  0x08001159   Thumb Code     0  libspace.o(.text)
    __user_perthread_libspace                0x08001159   Thumb Code     0  libspace.o(.text)
    __fpl_return_NaN                         0x08001161   Thumb Code    94  retnan.o(.text)
    _sys_exit                                0x080011c1   Thumb Code     8  sys_exit.o(.text)
    __I$use$semihosting                      0x080011cd   Thumb Code     0  use_no_semi.o(.text)
    __use_no_semihosting_swi                 0x080011cd   Thumb Code     2  use_no_semi.o(.text)
    __semihosting_library_function           0x080011cf   Thumb Code     0  indicate_semi.o(.text)
    CRC8_CCITT                               0x080011d1   Thumb Code    76  crc8_ccitt.o(.text.CRC8_CCITT)
    DMA_Channel0_IRQHandler                  0x08001221   Thumb Code   100  drv_adc.o(.text.DMA_Channel0_IRQHandler)
    Delay_ms                                 0x08001459   Thumb Code    36  drv_time.o(.text.Delay_ms)
    DiffTime                                 0x0800147d   Thumb Code    76  drv_time.o(.text.DiffTime)
    EndTime                                  0x080014c9   Thumb Code    50  drv_time.o(.text.EndTime)
    GetNumberOfByteRxFIFO                    0x080014fd   Thumb Code     8  drv_uart.o(.text.GetNumberOfByteRxFIFO)
    GetNumberOfFreeByteTxFIFO                0x08001509   Thumb Code    12  drv_uart.o(.text.GetNumberOfFreeByteTxFIFO)
    GetTime                                  0x08001519   Thumb Code    80  drv_time.o(.text.GetTime)
    GetTimeSec                               0x08001575   Thumb Code    36  drv_time.o(.text.GetTimeSec)
    InitADC                                  0x0800159d   Thumb Code   592  drv_adc.o(.text.InitADC)
    InitFreqMet                              0x0800182d   Thumb Code   268  drv_freqmet.o(.text.InitFreqMet)
    InitTime                                 0x08001949   Thumb Code    16  drv_time.o(.text.InitTime)
    PopRxFIFO                                0x08001ae1   Thumb Code    84  drv_uart.o(.text.PopRxFIFO)
    PushTxFIFO                               0x08001b41   Thumb Code    88  drv_uart.o(.text.PushTxFIFO)
    ResultDataADCAVG                         0x08001d8d   Thumb Code    44  drv_adc.o(.text.ResultDataADCAVG)
    ResultDataADCMax                         0x08001db9   Thumb Code    44  drv_adc.o(.text.ResultDataADCMax)
    ResultDataADCMin                         0x08001de5   Thumb Code    44  drv_adc.o(.text.ResultDataADCMin)
    ResultFreqMet                            0x08001e11   Thumb Code     8  drv_freqmet.o(.text.ResultFreqMet)
    RoutineADC                               0x08001e19   Thumb Code   300  drv_adc.o(.text.RoutineADC)
    RoutineFreqMet                           0x08001f69   Thumb Code   344  drv_freqmet.o(.text.RoutineFreqMet)
    SetRelativTime_ms                        0x080021f1   Thumb Code    72  drv_time.o(.text.SetRelativTime_ms)
    SetTime_ms                               0x08002239   Thumb Code    84  drv_time.o(.text.SetTime_ms)
    Start_trsUART                            0x08002291   Thumb Code    12  drv_uart.o(.text.Start_trsUART)
    SysTick_Handler                          0x080022e9   Thumb Code    12  drv_time.o(.text.SysTick_Handler)
    SystemInit                               0x080022f9   Thumb Code   136  system_gd32e23x.o(.text.SystemInit)
    TIMER0_BRK_UP_TRG_COM_IRQHandler         0x080023a5   Thumb Code    44  drv_freqmet.o(.text.TIMER0_BRK_UP_TRG_COM_IRQHandler)
    UARTRoutine                              0x080023d9   Thumb Code    34  uartroutine.o(.text.UARTRoutine)
    USART0_IRQHandler                        0x080023fd   Thumb Code   168  drv_uart.o(.text.USART0_IRQHandler)
    UartInit                                 0x080024b9   Thumb Code   212  drv_uart.o(.text.UartInit)
    adc_channel_length_config                0x080026e5   Thumb Code    96  gd32e23x_adc.o(.text.adc_channel_length_config)
    adc_data_alignment_config                0x0800274d   Thumb Code    44  gd32e23x_adc.o(.text.adc_data_alignment_config)
    adc_deinit                               0x08002779   Thumb Code    24  gd32e23x_adc.o(.text.adc_deinit)
    adc_discontinuous_mode_config            0x08002795   Thumb Code   116  gd32e23x_adc.o(.text.adc_discontinuous_mode_config)
    adc_dma_mode_enable                      0x08002809   Thumb Code    16  gd32e23x_adc.o(.text.adc_dma_mode_enable)
    adc_enable                               0x08002819   Thumb Code    24  gd32e23x_adc.o(.text.adc_enable)
    adc_external_trigger_config              0x08002831   Thumb Code   124  gd32e23x_adc.o(.text.adc_external_trigger_config)
    adc_external_trigger_source_config       0x080028ad   Thumb Code    80  gd32e23x_adc.o(.text.adc_external_trigger_source_config)
    adc_oversample_mode_disable              0x080028fd   Thumb Code    12  gd32e23x_adc.o(.text.adc_oversample_mode_disable)
    adc_regular_channel_config               0x0800290d   Thumb Code   328  gd32e23x_adc.o(.text.adc_regular_channel_config)
    adc_resolution_config                    0x08002a69   Thumb Code    28  gd32e23x_adc.o(.text.adc_resolution_config)
    adc_special_function_config              0x08002a85   Thumb Code   172  gd32e23x_adc.o(.text.adc_special_function_config)
    adc_tempsensor_vrefint_enable            0x08002b39   Thumb Code    16  gd32e23x_adc.o(.text.adc_tempsensor_vrefint_enable)
    dma_channel_disable                      0x08002b4d   Thumb Code    28  gd32e23x_dma.o(.text.dma_channel_disable)
    dma_channel_enable                       0x08002b69   Thumb Code    28  gd32e23x_dma.o(.text.dma_channel_enable)
    dma_circulation_enable                   0x08002b85   Thumb Code    28  gd32e23x_dma.o(.text.dma_circulation_enable)
    dma_deinit                               0x08002ba1   Thumb Code    88  gd32e23x_dma.o(.text.dma_deinit)
    dma_flag_clear                           0x08002bf9   Thumb Code    32  gd32e23x_dma.o(.text.dma_flag_clear)
    dma_init                                 0x08002c19   Thumb Code   268  gd32e23x_dma.o(.text.dma_init)
    dma_interrupt_enable                     0x08002d31   Thumb Code    32  gd32e23x_dma.o(.text.dma_interrupt_enable)
    dma_interrupt_flag_clear                 0x08002d51   Thumb Code    32  gd32e23x_dma.o(.text.dma_interrupt_flag_clear)
    dma_interrupt_flag_get                   0x08002d75   Thumb Code   188  gd32e23x_dma.o(.text.dma_interrupt_flag_get)
    dma_struct_para_init                     0x08002e39   Thumb Code    46  gd32e23x_dma.o(.text.dma_struct_para_init)
    gpio_af_set                              0x08002e67   Thumb Code   192  gd32e23x_gpio.o(.text.gpio_af_set)
    gpio_bit_reset                           0x08002f27   Thumb Code    16  gd32e23x_gpio.o(.text.gpio_bit_reset)
    gpio_bit_toggle                          0x08002f37   Thumb Code    16  gd32e23x_gpio.o(.text.gpio_bit_toggle)
    gpio_mode_set                            0x08002f47   Thumb Code   142  gd32e23x_gpio.o(.text.gpio_mode_set)
    gpio_output_options_set                  0x08002fd5   Thumb Code   138  gd32e23x_gpio.o(.text.gpio_output_options_set)
    main                                     0x0800305f   Thumb Code    44  main.o(.text.main)
    nvic_irq_enable                          0x0800308b   Thumb Code    44  gd32e23x_misc.o(.text.nvic_irq_enable)
    nvic_vector_table_set                    0x080030b9   Thumb Code    24  gd32e23x_misc.o(.text.nvic_vector_table_set)
    rcu_adc_clock_config                     0x080030d9   Thumb Code   384  gd32e23x_rcu.o(.text.rcu_adc_clock_config)
    rcu_clock_freq_get                       0x0800325d   Thumb Code   600  gd32e23x_rcu.o(.text.rcu_clock_freq_get)
    rcu_periph_clock_enable                  0x080034d9   Thumb Code    36  gd32e23x_rcu.o(.text.rcu_periph_clock_enable)
    rcu_periph_reset_disable                 0x080034fd   Thumb Code    36  gd32e23x_rcu.o(.text.rcu_periph_reset_disable)
    rcu_periph_reset_enable                  0x08003521   Thumb Code    36  gd32e23x_rcu.o(.text.rcu_periph_reset_enable)
    syscfg_dma_remap_disable                 0x08003545   Thumb Code    20  gd32e23x_syscfg.o(.text.syscfg_dma_remap_disable)
    timer_auto_reload_shadow_enable          0x08003645   Thumb Code    18  gd32e23x_timer.o(.text.timer_auto_reload_shadow_enable)
    timer_channel_output_config              0x08003659   Thumb Code   740  gd32e23x_timer.o(.text.timer_channel_output_config)
    timer_channel_output_mode_config         0x0800394d   Thumb Code   158  gd32e23x_timer.o(.text.timer_channel_output_mode_config)
    timer_channel_output_pulse_value_config  0x080039ed   Thumb Code    82  gd32e23x_timer.o(.text.timer_channel_output_pulse_value_config)
    timer_channel_output_shadow_config       0x08003a41   Thumb Code   158  gd32e23x_timer.o(.text.timer_channel_output_shadow_config)
    timer_counter_read                       0x08003adf   Thumb Code    20  gd32e23x_timer.o(.text.timer_counter_read)
    timer_counter_up_direction               0x08003af3   Thumb Code    18  gd32e23x_timer.o(.text.timer_counter_up_direction)
    timer_deinit                             0x08003b05   Thumb Code   200  gd32e23x_timer.o(.text.timer_deinit)
    timer_enable                             0x08003bed   Thumb Code    18  gd32e23x_timer.o(.text.timer_enable)
    timer_external_clock_mode1_config        0x08003bff   Thumb Code    40  gd32e23x_timer.o(.text.timer_external_clock_mode1_config)
    timer_external_trigger_config            0x08003c27   Thumb Code    52  gd32e23x_timer.o(.text.timer_external_trigger_config)
    timer_init                               0x08003c5d   Thumb Code   228  gd32e23x_timer.o(.text.timer_init)
    timer_input_trigger_source_select        0x08003d59   Thumb Code    30  gd32e23x_timer.o(.text.timer_input_trigger_source_select)
    timer_interrupt_enable                   0x08003d77   Thumb Code    20  gd32e23x_timer.o(.text.timer_interrupt_enable)
    timer_interrupt_flag_clear               0x08003d8b   Thumb Code    20  gd32e23x_timer.o(.text.timer_interrupt_flag_clear)
    timer_interrupt_flag_get                 0x08003d9f   Thumb Code    58  gd32e23x_timer.o(.text.timer_interrupt_flag_get)
    timer_master_slave_mode_config           0x08003dd9   Thumb Code    52  gd32e23x_timer.o(.text.timer_master_slave_mode_config)
    timer_output_value_selection_config      0x08003e0d   Thumb Code    60  gd32e23x_timer.o(.text.timer_output_value_selection_config)
    timer_primary_output_config              0x08003e49   Thumb Code    48  gd32e23x_timer.o(.text.timer_primary_output_config)
    timer_struct_para_init                   0x08003e79   Thumb Code    36  gd32e23x_timer.o(.text.timer_struct_para_init)
    timer_update_source_config               0x08003ea1   Thumb Code    52  gd32e23x_timer.o(.text.timer_update_source_config)
    usart_baudrate_set                       0x08003ed5   Thumb Code   172  gd32e23x_usart.o(.text.usart_baudrate_set)
    usart_data_receive                       0x08003f85   Thumb Code    16  gd32e23x_usart.o(.text.usart_data_receive)
    usart_data_transmit                      0x08003f95   Thumb Code    20  gd32e23x_usart.o(.text.usart_data_transmit)
    usart_deinit                             0x08003fad   Thumb Code    68  gd32e23x_usart.o(.text.usart_deinit)
    usart_depolarity_config                  0x08004001   Thumb Code    44  gd32e23x_usart.o(.text.usart_depolarity_config)
    usart_driver_assertime_config            0x0800402d   Thumb Code    46  gd32e23x_usart.o(.text.usart_driver_assertime_config)
    usart_driver_deassertime_config          0x0800405b   Thumb Code    46  gd32e23x_usart.o(.text.usart_driver_deassertime_config)
    usart_enable                             0x08004089   Thumb Code    18  gd32e23x_usart.o(.text.usart_enable)
    usart_interrupt_disable                  0x0800409b   Thumb Code    34  gd32e23x_usart.o(.text.usart_interrupt_disable)
    usart_interrupt_enable                   0x080040bd   Thumb Code    34  gd32e23x_usart.o(.text.usart_interrupt_enable)
    usart_interrupt_flag_clear               0x080040e1   Thumb Code    60  gd32e23x_usart.o(.text.usart_interrupt_flag_clear)
    usart_interrupt_flag_get                 0x08004121   Thumb Code    98  gd32e23x_usart.o(.text.usart_interrupt_flag_get)
    usart_receive_config                     0x08004183   Thumb Code    30  gd32e23x_usart.o(.text.usart_receive_config)
    usart_transmit_config                    0x080041a1   Thumb Code    30  gd32e23x_usart.o(.text.usart_transmit_config)
    __aeabi_dcmpge                           0x080041bf   Thumb Code     0  dcmp.o(i._dgeq)
    _dgeq                                    0x080041bf   Thumb Code    22  dcmp.o(i._dgeq)
    __aeabi_dcmpgt                           0x080041d5   Thumb Code     0  dcmp.o(i._dgr)
    _dgr                                     0x080041d5   Thumb Code    22  dcmp.o(i._dgr)
    _dcmpge                                  0x080041ed   Thumb Code    94  dgef.o(x$fpl$dgeqf)
    __aeabi_fmul                             0x08004251   Thumb Code     0  fmul.o(x$fpl$fmul)
    _fmul                                    0x08004251   Thumb Code   172  fmul.o(x$fpl$fmul)
    __I$use$fp                               0x08004300   Number         0  usenofp.o(x$fpl$usenofp)
    Region$$Table$$Base                      0x080044d4   Number         0  anon$$obj.o(Region$$Table)
    Region$$Table$$Limit                     0x080044f4   Number         0  anon$$obj.o(Region$$Table)
    SystemCoreClock                          0x20000000   Data           4  system_gd32e23x.o(.data.SystemCoreClock)
    __libspace_start                         0x20000100   Data          96  libspace.o(.bss)
    __temporary_stack_top$libspace           0x20000160   Data           0  libspace.o(.bss)



==============================================================================

Memory Map of the image

  Image Entry point : 0x080000cd

  Load Region LR_IROM1 (Base: 0x08000000, Size: 0x00004600, Max: 0x00010000, ABSOLUTE)

    Execution Region ER_IROM1 (Exec base: 0x08000000, Load base: 0x08000000, Size: 0x000044f4, Max: 0x00010000, ABSOLUTE)

    Exec Addr    Load Addr    Size         Type   Attr      Idx    E Section Name        Object

    0x08000000   0x08000000   0x000000cc   Data   RO          896    RESET               startup_gd32e23x.o
    0x080000cc   0x080000cc   0x00000008   Code   RO          930  * !!!main             c_p.l(__main.o)
    0x080000d4   0x080000d4   0x0000003c   Code   RO         1154    !!!scatter          c_p.l(__scatter.o)
    0x08000110   0x08000110   0x0000001a   Code   RO         1156    !!handler_copy      c_p.l(__scatter_copy.o)
    0x0800012a   0x0800012a   0x00000002   PAD
    0x0800012c   0x0800012c   0x0000001c   Code   RO         1158    !!handler_zi        c_p.l(__scatter_zi.o)
    0x08000148   0x08000148   0x00000002   Code   RO         1009    .ARM.Collect$$libinit$$00000000  c_p.l(libinit.o)
    0x0800014a   0x0800014a   0x00000000   Code   RO         1027    .ARM.Collect$$libinit$$00000002  c_p.l(libinit2.o)
    0x0800014a   0x0800014a   0x00000000   Code   RO         1029    .ARM.Collect$$libinit$$00000004  c_p.l(libinit2.o)
    0x0800014a   0x0800014a   0x00000000   Code   RO         1031    .ARM.Collect$$libinit$$00000006  c_p.l(libinit2.o)
    0x0800014a   0x0800014a   0x00000000   Code   RO         1034    .ARM.Collect$$libinit$$0000000C  c_p.l(libinit2.o)
    0x0800014a   0x0800014a   0x00000000   Code   RO         1036    .ARM.Collect$$libinit$$0000000E  c_p.l(libinit2.o)
    0x0800014a   0x0800014a   0x00000000   Code   RO         1038    .ARM.Collect$$libinit$$00000010  c_p.l(libinit2.o)
    0x0800014a   0x0800014a   0x00000000   Code   RO         1041    .ARM.Collect$$libinit$$00000013  c_p.l(libinit2.o)
    0x0800014a   0x0800014a   0x00000000   Code   RO         1043    .ARM.Collect$$libinit$$00000015  c_p.l(libinit2.o)
    0x0800014a   0x0800014a   0x00000000   Code   RO         1045    .ARM.Collect$$libinit$$00000017  c_p.l(libinit2.o)
    0x0800014a   0x0800014a   0x00000000   Code   RO         1047    .ARM.Collect$$libinit$$00000019  c_p.l(libinit2.o)
    0x0800014a   0x0800014a   0x00000000   Code   RO         1049    .ARM.Collect$$libinit$$0000001B  c_p.l(libinit2.o)
    0x0800014a   0x0800014a   0x00000000   Code   RO         1051    .ARM.Collect$$libinit$$0000001D  c_p.l(libinit2.o)
    0x0800014a   0x0800014a   0x00000000   Code   RO         1053    .ARM.Collect$$libinit$$0000001F  c_p.l(libinit2.o)
    0x0800014a   0x0800014a   0x00000000   Code   RO         1055    .ARM.Collect$$libinit$$00000021  c_p.l(libinit2.o)
    0x0800014a   0x0800014a   0x00000000   Code   RO         1057    .ARM.Collect$$libinit$$00000023  c_p.l(libinit2.o)
    0x0800014a   0x0800014a   0x00000000   Code   RO         1059    .ARM.Collect$$libinit$$00000025  c_p.l(libinit2.o)
    0x0800014a   0x0800014a   0x00000000   Code   RO         1061    .ARM.Collect$$libinit$$00000027  c_p.l(libinit2.o)
    0x0800014a   0x0800014a   0x00000000   Code   RO         1065    .ARM.Collect$$libinit$$0000002E  c_p.l(libinit2.o)
    0x0800014a   0x0800014a   0x00000000   Code   RO         1067    .ARM.Collect$$libinit$$00000030  c_p.l(libinit2.o)
    0x0800014a   0x0800014a   0x00000000   Code   RO         1069    .ARM.Collect$$libinit$$00000032  c_p.l(libinit2.o)
    0x0800014a   0x0800014a   0x00000000   Code   RO         1071    .ARM.Collect$$libinit$$00000034  c_p.l(libinit2.o)
    0x0800014a   0x0800014a   0x00000002   Code   RO         1072    .ARM.Collect$$libinit$$00000035  c_p.l(libinit2.o)
    0x0800014c   0x0800014c   0x00000002   Code   RO         1109    .ARM.Collect$$libshutdown$$00000000  c_p.l(libshutdown.o)
    0x0800014e   0x0800014e   0x00000000   Code   RO         1137    .ARM.Collect$$libshutdown$$00000002  c_p.l(libshutdown2.o)
    0x0800014e   0x0800014e   0x00000000   Code   RO         1139    .ARM.Collect$$libshutdown$$00000004  c_p.l(libshutdown2.o)
    0x0800014e   0x0800014e   0x00000000   Code   RO         1142    .ARM.Collect$$libshutdown$$00000007  c_p.l(libshutdown2.o)
    0x0800014e   0x0800014e   0x00000000   Code   RO         1145    .ARM.Collect$$libshutdown$$0000000A  c_p.l(libshutdown2.o)
    0x0800014e   0x0800014e   0x00000000   Code   RO         1147    .ARM.Collect$$libshutdown$$0000000C  c_p.l(libshutdown2.o)
    0x0800014e   0x0800014e   0x00000000   Code   RO         1150    .ARM.Collect$$libshutdown$$0000000F  c_p.l(libshutdown2.o)
    0x0800014e   0x0800014e   0x00000002   Code   RO         1151    .ARM.Collect$$libshutdown$$00000010  c_p.l(libshutdown2.o)
    0x08000150   0x08000150   0x00000000   Code   RO          964    .ARM.Collect$$rtentry$$00000000  c_p.l(__rtentry.o)
    0x08000150   0x08000150   0x00000000   Code   RO          977    .ARM.Collect$$rtentry$$00000002  c_p.l(__rtentry2.o)
    0x08000150   0x08000150   0x00000006   Code   RO          989    .ARM.Collect$$rtentry$$00000004  c_p.l(__rtentry4.o)
    0x08000156   0x08000156   0x00000000   Code   RO          979    .ARM.Collect$$rtentry$$00000009  c_p.l(__rtentry2.o)
    0x08000156   0x08000156   0x00000004   Code   RO          980    .ARM.Collect$$rtentry$$0000000A  c_p.l(__rtentry2.o)
    0x0800015a   0x0800015a   0x00000000   Code   RO          982    .ARM.Collect$$rtentry$$0000000C  c_p.l(__rtentry2.o)
    0x0800015a   0x0800015a   0x00000008   Code   RO          983    .ARM.Collect$$rtentry$$0000000D  c_p.l(__rtentry2.o)
    0x08000162   0x08000162   0x00000002   Code   RO         1018    .ARM.Collect$$rtexit$$00000000  c_p.l(rtexit.o)
    0x08000164   0x08000164   0x00000000   Code   RO         1080    .ARM.Collect$$rtexit$$00000002  c_p.l(rtexit2.o)
    0x08000164   0x08000164   0x00000004   Code   RO         1081    .ARM.Collect$$rtexit$$00000003  c_p.l(rtexit2.o)
    0x08000168   0x08000168   0x00000006   Code   RO         1082    .ARM.Collect$$rtexit$$00000004  c_p.l(rtexit2.o)
    0x0800016e   0x0800016e   0x00000002   PAD
    0x08000170   0x08000170   0x00000038   Code   RO          897    .text               startup_gd32e23x.o
    0x080001a8   0x080001a8   0x00000030   Code   RO          922    .text               c_p.l(llmul.o)
    0x080001d8   0x080001d8   0x00000110   Code   RO          924    .text               c_p.l(lludiv.o)
    0x080002e8   0x080002e8   0x00000040   Code   RO          926    .text               c_p.l(rt_memclr.o)
    0x08000328   0x08000328   0x00000006   Code   RO          928    .text               c_p.l(heapauxi.o)
    0x0800032e   0x0800032e   0x00000002   PAD
    0x08000330   0x08000330   0x0000007c   Code   RO          932    .text               fz_ps.l(d2f.o)
    0x080003ac   0x080003ac   0x00000358   Code   RO          934    .text               fz_ps.l(daddsub.o)
    0x08000704   0x08000704   0x00000448   Code   RO          948    .text               fz_ps.l(ddiv.o)
    0x08000b4c   0x08000b4c   0x00000248   Code   RO          951    .text               fz_ps.l(dmul.o)
    0x08000d94   0x08000d94   0x00000054   Code   RO          953    .text               fz_ps.l(f2d.o)
    0x08000de8   0x08000de8   0x00000160   Code   RO          955    .text               fz_ps.l(fdiv.o)
    0x08000f48   0x08000f48   0x0000005e   Code   RO          958    .text               fz_ps.l(fflti.o)
    0x08000fa6   0x08000fa6   0x00000082   Code   RO          960    .text               fz_ps.l(ffltl.o)
    0x08001028   0x08001028   0x000000a0   Code   RO          993    .text               fz_ps.l(dcmpin.o)
    0x080010c8   0x080010c8   0x0000003e   Code   RO          995    .text               c_p.l(sys_stackheap_outer.o)
    0x08001106   0x08001106   0x00000010   Code   RO          998    .text               c_p.l(exit.o)
    0x08001116   0x08001116   0x0000002e   Code   RO         1010    .text               fz_ps.l(cmpret.o)
    0x08001144   0x08001144   0x00000014   Code   RO         1012    .text               fz_ps.l(dnan2.o)
    0x08001158   0x08001158   0x00000008   Code   RO         1014    .text               c_p.l(libspace.o)
    0x08001160   0x08001160   0x0000005e   Code   RO         1073    .text               fz_ps.l(retnan.o)
    0x080011be   0x080011be   0x00000002   PAD
    0x080011c0   0x080011c0   0x0000000c   Code   RO         1075    .text               c_p.l(sys_exit.o)
    0x080011cc   0x080011cc   0x00000002   Code   RO         1098    .text               c_p.l(use_no_semi.o)
    0x080011ce   0x080011ce   0x00000000   Code   RO         1100    .text               c_p.l(indicate_semi.o)
    0x080011ce   0x080011ce   0x00000002   PAD
    0x080011d0   0x080011d0   0x00000050   Code   RO          140    .text.CRC8_CCITT    crc8_ccitt.o
    0x08001220   0x08001220   0x00000068   Code   RO            4    .text.DMA_Channel0_IRQHandler  drv_adc.o
    0x08001288   0x08001288   0x000001d0   Code   RO            6    .text.DataProcessMon  drv_adc.o
    0x08001458   0x08001458   0x00000024   Code   RO           68    .text.Delay_ms      drv_time.o
    0x0800147c   0x0800147c   0x0000004c   Code   RO           56    .text.DiffTime      drv_time.o
    0x080014c8   0x080014c8   0x00000032   Code   RO           66    .text.EndTime       drv_time.o
    0x080014fa   0x080014fa   0x00000002   PAD
    0x080014fc   0x080014fc   0x0000000c   Code   RO           92    .text.GetNumberOfByteRxFIFO  drv_uart.o
    0x08001508   0x08001508   0x00000010   Code   RO           94    .text.GetNumberOfFreeByteTxFIFO  drv_uart.o
    0x08001518   0x08001518   0x0000005c   Code   RO           52    .text.GetTime       drv_time.o
    0x08001574   0x08001574   0x00000028   Code   RO           54    .text.GetTimeSec    drv_time.o
    0x0800159c   0x0800159c   0x00000290   Code   RO            2    .text.InitADC       drv_adc.o
    0x0800182c   0x0800182c   0x0000011c   Code   RO          152    .text.InitFreqMet   drv_freqmet.o
    0x08001948   0x08001948   0x00000018   Code   RO           46    .text.InitTime      drv_time.o
    0x08001960   0x08001960   0x00000040   Code   RO           12    .text.MinMaxSwap    drv_adc.o
    0x080019a0   0x080019a0   0x00000140   Code   RO           10    .text.MonADC0ScalVal  drv_adc.o
    0x08001ae0   0x08001ae0   0x00000060   Code   RO           90    .text.PopRxFIFO     drv_uart.o
    0x08001b40   0x08001b40   0x00000068   Code   RO           88    .text.PushTxFIFO    drv_uart.o
    0x08001ba8   0x08001ba8   0x000001e4   Code   RO          124    .text.RequestAccepted  uartroutine.o
    0x08001d8c   0x08001d8c   0x0000002c   Code   RO           16    .text.ResultDataADCAVG  drv_adc.o
    0x08001db8   0x08001db8   0x0000002c   Code   RO           18    .text.ResultDataADCMax  drv_adc.o
    0x08001de4   0x08001de4   0x0000002c   Code   RO           20    .text.ResultDataADCMin  drv_adc.o
    0x08001e10   0x08001e10   0x00000008   Code   RO          158    .text.ResultFreqMet  drv_freqmet.o
    0x08001e18   0x08001e18   0x00000150   Code   RO            8    .text.RoutineADC    drv_adc.o
    0x08001f68   0x08001f68   0x00000178   Code   RO          156    .text.RoutineFreqMet  drv_freqmet.o
    0x080020e0   0x080020e0   0x00000110   Code   RO          126    .text.SendADCData   uartroutine.o
    0x080021f0   0x080021f0   0x00000048   Code   RO           64    .text.SetRelativTime_ms  drv_time.o
    0x08002238   0x08002238   0x00000058   Code   RO           60    .text.SetTime_ms    drv_time.o
    0x08002290   0x08002290   0x0000000c   Code   RO           86    .text.Start_trsUART  drv_uart.o
    0x0800229c   0x0800229c   0x0000004c   Code   RO           48    .text.SysTick_Config  drv_time.o
    0x080022e8   0x080022e8   0x00000010   Code   RO           50    .text.SysTick_Handler  drv_time.o
    0x080022f8   0x080022f8   0x000000ac   Code   RO          904    .text.SystemInit    system_gd32e23x.o
    0x080023a4   0x080023a4   0x00000034   Code   RO          154    .text.TIMER0_BRK_UP_TRG_COM_IRQHandler  drv_freqmet.o
    0x080023d8   0x080023d8   0x00000022   Code   RO          122    .text.UARTRoutine   uartroutine.o
    0x080023fa   0x080023fa   0x00000002   PAD
    0x080023fc   0x080023fc   0x000000bc   Code   RO           84    .text.USART0_IRQHandler  drv_uart.o
    0x080024b8   0x080024b8   0x000000f8   Code   RO           82    .text.UartInit      drv_uart.o
    0x080025b0   0x080025b0   0x00000034   Code   RO          448    .text.__NVIC_EnableIRQ  gd32e23x_misc.o
    0x080025e4   0x080025e4   0x0000007c   Code   RO           72    .text.__NVIC_SetPriority  drv_time.o
    0x08002660   0x08002660   0x00000084   Code   RO          446    .text.__NVIC_SetPriority  gd32e23x_misc.o
    0x080026e4   0x080026e4   0x00000068   Code   RO          193    .text.adc_channel_length_config  gd32e23x_adc.o
    0x0800274c   0x0800274c   0x0000002c   Code   RO          191    .text.adc_data_alignment_config  gd32e23x_adc.o
    0x08002778   0x08002778   0x0000001c   Code   RO          171    .text.adc_deinit    gd32e23x_adc.o
    0x08002794   0x08002794   0x00000074   Code   RO          187    .text.adc_discontinuous_mode_config  gd32e23x_adc.o
    0x08002808   0x08002808   0x00000010   Code   RO          179    .text.adc_dma_mode_enable  gd32e23x_adc.o
    0x08002818   0x08002818   0x00000018   Code   RO          173    .text.adc_enable    gd32e23x_adc.o
    0x08002830   0x08002830   0x0000007c   Code   RO          201    .text.adc_external_trigger_config  gd32e23x_adc.o
    0x080028ac   0x080028ac   0x00000050   Code   RO          203    .text.adc_external_trigger_source_config  gd32e23x_adc.o
    0x080028fc   0x080028fc   0x00000010   Code   RO          237    .text.adc_oversample_mode_disable  gd32e23x_adc.o
    0x0800290c   0x0800290c   0x0000015c   Code   RO          195    .text.adc_regular_channel_config  gd32e23x_adc.o
    0x08002a68   0x08002a68   0x0000001c   Code   RO          231    .text.adc_resolution_config  gd32e23x_adc.o
    0x08002a84   0x08002a84   0x000000b4   Code   RO          189    .text.adc_special_function_config  gd32e23x_adc.o
    0x08002b38   0x08002b38   0x00000014   Code   RO          183    .text.adc_tempsensor_vrefint_enable  gd32e23x_adc.o
    0x08002b4c   0x08002b4c   0x0000001c   Code   RO          285    .text.dma_channel_disable  gd32e23x_dma.o
    0x08002b68   0x08002b68   0x0000001c   Code   RO          295    .text.dma_channel_enable  gd32e23x_dma.o
    0x08002b84   0x08002b84   0x0000001c   Code   RO          287    .text.dma_circulation_enable  gd32e23x_dma.o
    0x08002ba0   0x08002ba0   0x00000058   Code   RO          279    .text.dma_deinit    gd32e23x_dma.o
    0x08002bf8   0x08002bf8   0x00000020   Code   RO          323    .text.dma_flag_clear  gd32e23x_dma.o
    0x08002c18   0x08002c18   0x00000118   Code   RO          283    .text.dma_init      gd32e23x_dma.o
    0x08002d30   0x08002d30   0x00000020   Code   RO          329    .text.dma_interrupt_enable  gd32e23x_dma.o
    0x08002d50   0x08002d50   0x00000024   Code   RO          327    .text.dma_interrupt_flag_clear  gd32e23x_dma.o
    0x08002d74   0x08002d74   0x000000c4   Code   RO          325    .text.dma_interrupt_flag_get  gd32e23x_dma.o
    0x08002e38   0x08002e38   0x0000002e   Code   RO          281    .text.dma_struct_para_init  gd32e23x_dma.o
    0x08002e66   0x08002e66   0x000000c0   Code   RO          429    .text.gpio_af_set   gd32e23x_gpio.o
    0x08002f26   0x08002f26   0x00000010   Code   RO          415    .text.gpio_bit_reset  gd32e23x_gpio.o
    0x08002f36   0x08002f36   0x00000010   Code   RO          433    .text.gpio_bit_toggle  gd32e23x_gpio.o
    0x08002f46   0x08002f46   0x0000008e   Code   RO          409    .text.gpio_mode_set  gd32e23x_gpio.o
    0x08002fd4   0x08002fd4   0x0000008a   Code   RO          411    .text.gpio_output_options_set  gd32e23x_gpio.o
    0x0800305e   0x0800305e   0x0000002c   Code   RO          111    .text.main          main.o
    0x0800308a   0x0800308a   0x0000002c   Code   RO          444    .text.nvic_irq_enable  gd32e23x_misc.o
    0x080030b6   0x080030b6   0x00000002   PAD
    0x080030b8   0x080030b8   0x00000020   Code   RO          458    .text.nvic_vector_table_set  gd32e23x_misc.o
    0x080030d8   0x080030d8   0x00000184   Code   RO          501    .text.rcu_adc_clock_config  gd32e23x_rcu.o
    0x0800325c   0x0800325c   0x0000027c   Code   RO          549    .text.rcu_clock_freq_get  gd32e23x_rcu.o
    0x080034d8   0x080034d8   0x00000024   Code   RO          475    .text.rcu_periph_clock_enable  gd32e23x_rcu.o
    0x080034fc   0x080034fc   0x00000024   Code   RO          485    .text.rcu_periph_reset_disable  gd32e23x_rcu.o
    0x08003520   0x08003520   0x00000024   Code   RO          483    .text.rcu_periph_reset_enable  gd32e23x_rcu.o
    0x08003544   0x08003544   0x00000018   Code   RO          564    .text.syscfg_dma_remap_disable  gd32e23x_syscfg.o
    0x0800355c   0x0800355c   0x000000e0   Code   RO          910    .text.system_clock_72m_irc8m  system_gd32e23x.o
    0x0800363c   0x0800363c   0x00000008   Code   RO          906    .text.system_clock_config  system_gd32e23x.o
    0x08003644   0x08003644   0x00000012   Code   RO          597    .text.timer_auto_reload_shadow_enable  gd32e23x_timer.o
    0x08003656   0x08003656   0x00000002   PAD
    0x08003658   0x08003658   0x000002f4   Code   RO          671    .text.timer_channel_output_config  gd32e23x_timer.o
    0x0800394c   0x0800394c   0x0000009e   Code   RO          673    .text.timer_channel_output_mode_config  gd32e23x_timer.o
    0x080039ea   0x080039ea   0x00000002   PAD
    0x080039ec   0x080039ec   0x00000052   Code   RO          675    .text.timer_channel_output_pulse_value_config  gd32e23x_timer.o
    0x08003a3e   0x08003a3e   0x00000002   PAD
    0x08003a40   0x08003a40   0x0000009e   Code   RO          677    .text.timer_channel_output_shadow_config  gd32e23x_timer.o
    0x08003ade   0x08003ade   0x00000014   Code   RO          619    .text.timer_counter_read  gd32e23x_timer.o
    0x08003af2   0x08003af2   0x00000012   Code   RO          607    .text.timer_counter_up_direction  gd32e23x_timer.o
    0x08003b04   0x08003b04   0x000000e8   Code   RO          587    .text.timer_deinit  gd32e23x_timer.o
    0x08003bec   0x08003bec   0x00000012   Code   RO          593    .text.timer_enable  gd32e23x_timer.o
    0x08003bfe   0x08003bfe   0x00000028   Code   RO          723    .text.timer_external_clock_mode1_config  gd32e23x_timer.o
    0x08003c26   0x08003c26   0x00000034   Code   RO          711    .text.timer_external_trigger_config  gd32e23x_timer.o
    0x08003c5a   0x08003c5a   0x00000002   PAD
    0x08003c5c   0x08003c5c   0x000000fc   Code   RO          591    .text.timer_init    gd32e23x_timer.o
    0x08003d58   0x08003d58   0x0000001e   Code   RO          703    .text.timer_input_trigger_source_select  gd32e23x_timer.o
    0x08003d76   0x08003d76   0x00000014   Code   RO          629    .text.timer_interrupt_enable  gd32e23x_timer.o
    0x08003d8a   0x08003d8a   0x00000014   Code   RO          635    .text.timer_interrupt_flag_clear  gd32e23x_timer.o
    0x08003d9e   0x08003d9e   0x0000003a   Code   RO          633    .text.timer_interrupt_flag_get  gd32e23x_timer.o
    0x08003dd8   0x08003dd8   0x00000034   Code   RO          709    .text.timer_master_slave_mode_config  gd32e23x_timer.o
    0x08003e0c   0x08003e0c   0x0000003c   Code   RO          731    .text.timer_output_value_selection_config  gd32e23x_timer.o
    0x08003e48   0x08003e48   0x00000030   Code   RO          663    .text.timer_primary_output_config  gd32e23x_timer.o
    0x08003e78   0x08003e78   0x00000028   Code   RO          589    .text.timer_struct_para_init  gd32e23x_timer.o
    0x08003ea0   0x08003ea0   0x00000034   Code   RO          625    .text.timer_update_source_config  gd32e23x_timer.o
    0x08003ed4   0x08003ed4   0x000000b0   Code   RO          742    .text.usart_baudrate_set  gd32e23x_usart.o
    0x08003f84   0x08003f84   0x00000010   Code   RO          778    .text.usart_data_receive  gd32e23x_usart.o
    0x08003f94   0x08003f94   0x00000018   Code   RO          776    .text.usart_data_transmit  gd32e23x_usart.o
    0x08003fac   0x08003fac   0x00000054   Code   RO          740    .text.usart_deinit  gd32e23x_usart.o
    0x08004000   0x08004000   0x0000002c   Code   RO          852    .text.usart_depolarity_config  gd32e23x_usart.o
    0x0800402c   0x0800402c   0x0000002e   Code   RO          848    .text.usart_driver_assertime_config  gd32e23x_usart.o
    0x0800405a   0x0800405a   0x0000002e   Code   RO          850    .text.usart_driver_deassertime_config  gd32e23x_usart.o
    0x08004088   0x08004088   0x00000012   Code   RO          750    .text.usart_enable  gd32e23x_usart.o
    0x0800409a   0x0800409a   0x00000022   Code   RO          880    .text.usart_interrupt_disable  gd32e23x_usart.o
    0x080040bc   0x080040bc   0x00000022   Code   RO          878    .text.usart_interrupt_enable  gd32e23x_usart.o
    0x080040de   0x080040de   0x00000002   PAD
    0x080040e0   0x080040e0   0x00000040   Code   RO          886    .text.usart_interrupt_flag_clear  gd32e23x_usart.o
    0x08004120   0x08004120   0x00000062   Code   RO          884    .text.usart_interrupt_flag_get  gd32e23x_usart.o
    0x08004182   0x08004182   0x0000001e   Code   RO          756    .text.usart_receive_config  gd32e23x_usart.o
    0x080041a0   0x080041a0   0x0000001e   Code   RO          754    .text.usart_transmit_config  gd32e23x_usart.o
    0x080041be   0x080041be   0x00000016   Code   RO          937    i._dgeq             fz_ps.l(dcmp.o)
    0x080041d4   0x080041d4   0x00000016   Code   RO          938    i._dgr              fz_ps.l(dcmp.o)
    0x080041ea   0x080041ea   0x00000002   PAD
    0x080041ec   0x080041ec   0x00000064   Code   RO          971    x$fpl$dgeqf         fz_ps.l(dgef.o)
    0x08004250   0x08004250   0x000000b0   Code   RO          962    x$fpl$fmul          fz_ps.l(fmul.o)
    0x08004300   0x08004300   0x00000000   Code   RO          975    x$fpl$usenofp       fz_ps.l(usenofp.o)
    0x08004300   0x08004300   0x00000080   Data   RO          949    .constdata          fz_ps.l(ddiv.o)
    0x08004380   0x08004380   0x00000040   Data   RO          956    .constdata          fz_ps.l(fdiv.o)
    0x080043c0   0x080043c0   0x00000100   Data   RO          144    .rodata.CRC_TABLE   crc8_ccitt.o
    0x080044c0   0x080044c0   0x00000014   Data   RO           38    .rodata.CalibADCCoeffMul  drv_adc.o
    0x080044d4   0x080044d4   0x00000020   Data   RO         1153    Region$$Table       anon$$obj.o


    Execution Region RW_IRAM1 (Exec base: 0x20000000, Load base: 0x08004500, Size: 0x00000908, Max: 0x00002000, ABSOLUTE)

    Exec Addr    Load Addr    Size         Type   Attr      Idx    E Section Name        Object

    0x20000000   0x08004500   0x00000004   Data   RW          912    .data.SystemCoreClock  system_gd32e23x.o
    0x20000004   0x08004504   0x00000004   Data   RW           37    .data.VrefInt       drv_adc.o
    0x20000008   0x08004508   0x000000f8   PAD
    0x20000100        -       0x00000060   Zero   RW         1015    .bss                c_p.l(libspace.o)
    0x20000160        -       0x00000100   Zero   RW           33    .bss.ADCDMABuff0    drv_adc.o
    0x20000260        -       0x00000001   Zero   RW           31    .bss.ADCReadyData   drv_adc.o
    0x20000261   0x08004508   0x00000003   PAD
    0x20000264        -       0x00000014   Zero   RW           24    .bss.ADCResultAVG   drv_adc.o
    0x20000278        -       0x00000014   Zero   RW           23    .bss.ADCResultMax   drv_adc.o
    0x2000028c        -       0x00000014   Zero   RW           22    .bss.ADCResultMin   drv_adc.o
    0x200002a0        -       0x00000004   Zero   RW          160    .bss.Counter        drv_freqmet.o
    0x200002a4        -       0x00000048   Zero   RW          128    .bss.Data           uartroutine.o
    0x200002ec        -       0x00000004   Zero   RW           35    .bss.DataProcessMon.Count  drv_adc.o
    0x200002f0        -       0x00000001   Zero   RW           32    .bss.DataReady      drv_adc.o
    0x200002f1   0x08004508   0x00000003   PAD
    0x200002f4        -       0x00000004   Zero   RW          163    .bss.Freq           drv_freqmet.o
    0x200002f8        -       0x0000000a   Zero   RW           28    .bss.MaxADC         drv_adc.o
    0x20000302        -       0x0000000a   Zero   RW           30    .bss.MinADC         drv_adc.o
    0x2000030c        -       0x00000001   Zero   RW           36    .bss.MonADC0ScalVal.InitVrefInt  drv_adc.o
    0x2000030d   0x08004508   0x00000003   PAD
    0x20000310        -       0x00000004   Zero   RW           99    .bss.NumberOfBytesRxFIFO  drv_uart.o
    0x20000314        -       0x00000004   Zero   RW           96    .bss.NumberOfBytesTxFIFO  drv_uart.o
    0x20000318        -       0x00000004   Zero   RW          101    .bss.PopIndexToRxFIFO  drv_uart.o
    0x2000031c        -       0x00000004   Zero   RW           98    .bss.PopIndexToTxFIFO  drv_uart.o
    0x20000320        -       0x00000004   Zero   RW          100    .bss.PushIndexToRxFIFO  drv_uart.o
    0x20000324        -       0x00000004   Zero   RW           97    .bss.PushIndexToTxFIFO  drv_uart.o
    0x20000328        -       0x00000004   Zero   RW          131    .bss.RequestAccepted.Index  uartroutine.o
    0x2000032c        -       0x00000001   Zero   RW          130    .bss.RequestAccepted.Mode  uartroutine.o
    0x2000032d   0x08004508   0x00000003   PAD
    0x20000330        -       0x0000000c   Zero   RW          129    .bss.RequestAccepted.RS  uartroutine.o
    0x2000033c   0x08004508   0x00000004   PAD
    0x20000340        -       0x00000008   Zero   RW          132    .bss.RequestAccepted.TO  uartroutine.o
    0x20000348        -       0x00000008   Zero   RW          162    .bss.RoutineFreqMet.PrevCounter  drv_freqmet.o
    0x20000350        -       0x00000008   Zero   RW          161    .bss.RoutineFreqMet.T  drv_freqmet.o
    0x20000358   0x08004508   0x000000a8   PAD
    0x20000400        -       0x00000100   Zero   RW          102    .bss.RxFIFO         drv_uart.o
    0x20000500        -       0x00000004   Zero   RW           34    .bss.SCount         drv_adc.o
    0x20000504        -       0x0000000a   Zero   RW           29    .bss.SMaxADC        drv_adc.o
    0x2000050e        -       0x0000000a   Zero   RW           27    .bss.SMinADC        drv_adc.o
    0x20000518        -       0x00000014   Zero   RW           26    .bss.SSumADC        drv_adc.o
    0x2000052c        -       0x00000014   Zero   RW           25    .bss.SumADC         drv_adc.o
    0x20000540        -       0x00000004   Zero   RW           74    .bss.TimeCounter    drv_time.o
    0x20000544   0x08004508   0x000000bc   PAD
    0x20000600        -       0x00000100   Zero   RW          103    .bss.TxFIFO         drv_uart.o
    0x20000700        -       0x00000004   Zero   RW          895    HEAP                startup_gd32e23x.o
    0x20000704   0x08004508   0x00000004   PAD
    0x20000708        -       0x00000200   Zero   RW          894    STACK               startup_gd32e23x.o


==============================================================================

Image component sizes


      Code (inc. data)   RO Data    RW Data    ZI Data      Debug   Object Name

        80          4        256          0          0       1752   crc8_ccitt.o
      2076        204         20          4        407       6758   drv_adc.o
       720         56          0          0         24       3442   drv_freqmet.o
       694         44          0          0          4       4664   drv_time.o
       676         92          0          0        536       4235   drv_uart.o
      1128         48          0          0          0       7671   gd32e23x_adc.o
       794         24          0          0          0       5551   gd32e23x_dma.o
       504          0          0          0          0       4265   gd32e23x_gpio.o
       260         20          0          0          0       3890   gd32e23x_misc.o
      1132         40          0          0          0      11169   gd32e23x_rcu.o
        24          4          0          0          0       2779   gd32e23x_syscfg.o
      2184         76          0          0          0      16899   gd32e23x_timer.o
       744         28          0          0          0      14125   gd32e23x_usart.o
        44          0          0          0          0        385   main.o
        56         26        204          0        516        720   startup_gd32e23x.o
       404         56          0          4          0       1809   system_gd32e23x.o
       790         28          0          0         97       3049   uartroutine.o

    ----------------------------------------------------------------------
     12326        750        512          8       2208      93163   Object Totals
         0          0         32          0          0          0   (incl. Generated)
        16          0          0          0        624          0   (incl. Padding)

    ----------------------------------------------------------------------

      Code (inc. data)   RO Data    RW Data    ZI Data      Debug   Library Member Name

         8          0          0          0          0         68   __main.o
         0          0          0          0          0          0   __rtentry.o
        12          0          0          0          0          0   __rtentry2.o
         6          0          0          0          0          0   __rtentry4.o
        60          8          0          0          0          0   __scatter.o
        26          0          0          0          0          0   __scatter_copy.o
        28          0          0          0          0          0   __scatter_zi.o
        16          0          0          0          0         68   exit.o
         6          0          0          0          0        136   heapauxi.o
         0          0          0          0          0          0   indicate_semi.o
         2          0          0          0          0          0   libinit.o
         2          0          0          0          0          0   libinit2.o
         2          0          0          0          0          0   libshutdown.o
         2          0          0          0          0          0   libshutdown2.o
         8          4          0          0         96         68   libspace.o
        48          0          0          0          0         72   llmul.o
       272          0          0          0          0         88   lludiv.o
        64          0          0          0          0        108   rt_memclr.o
         2          0          0          0          0          0   rtexit.o
        10          0          0          0          0          0   rtexit2.o
        12          4          0          0          0         60   sys_exit.o
        62          0          0          0          0         80   sys_stackheap_outer.o
         2          0          0          0          0         68   use_no_semi.o
        46          0          0          0          0         60   cmpret.o
       124          4          0          0          0         72   d2f.o
       856         20          0          0          0        208   daddsub.o
        44          0          0          0          0        136   dcmp.o
       160          6          0          0          0         76   dcmpin.o
      1096         26        128          0          0        112   ddiv.o
       100          4          0          0          0         92   dgef.o
       584         26          0          0          0         84   dmul.o
        20          6          0          0          0         68   dnan2.o
        84          4          0          0          0         60   f2d.o
       352         10         64          0          0         92   fdiv.o
        94          0          0          0          0         92   fflti.o
       130          0          0          0          0        100   ffltl.o
       176          4          0          0          0         80   fmul.o
        94          0          0          0          0         68   retnan.o
         0          0          0          0          0          0   usenofp.o

    ----------------------------------------------------------------------
      4622        126        192          0         96       2216   Library Totals
        12          0          0          0          0          0   (incl. Padding)

    ----------------------------------------------------------------------

      Code (inc. data)   RO Data    RW Data    ZI Data      Debug   Library Name

       650         16          0          0         96        816   c_p.l
      3960        110        192          0          0       1400   fz_ps.l

    ----------------------------------------------------------------------
      4622        126        192          0         96       2216   Library Totals

    ----------------------------------------------------------------------

==============================================================================


      Code (inc. data)   RO Data    RW Data    ZI Data      Debug   

     16948        876        704          8       2304      94135   Grand Totals
     16948        876        704          8       2304      94135   ELF Image Totals
     16948        876        704          8          0          0   ROM Totals

==============================================================================

    Total RO  Size (Code + RO Data)                17652 (  17.24kB)
    Total RW  Size (RW Data + ZI Data)              2312 (   2.26kB)
    Total ROM Size (Code + RO Data + RW Data)      17660 (  17.25kB)

==============================================================================

